#
# There is insufficient memory for the Java Runtime Environment to continue.
# Native memory allocation (malloc) failed to allocate 39856 bytes. Error detail: Chunk::new
# Possible reasons:
#   The system is out of physical RAM or swap space
#   This process is running with CompressedOops enabled, and the Java Heap may be blocking the growth of the native heap
# Possible solutions:
#   Reduce memory load on the system
#   Increase physical memory or swap space
#   Check if swap backing store is full
#   Decrease Java heap size (-Xmx/-Xms)
#   Decrease number of Java threads
#   Decrease Java thread stack sizes (-Xss)
#   Set larger code cache with -XX:ReservedCodeCacheSize=
#   JVM is running with Unscaled Compressed Oops mode in which the Java heap is
#     placed in the first 4GB address space. The Java Heap base address is the
#     maximum limit for the native heap growth. Please use -XX:HeapBaseMinAddress
#     to set the Java Heap base and to place the Java Heap above 4GB virtual address.
# This output file may be truncated or incomplete.
#
#  Out of Memory Error (arena.cpp:168), pid=13900, tid=14156
#
# JRE version: OpenJDK Runtime Environment Temurin-21.0.6+7 (21.0.6+7) (build 21.0.6+7-LTS)
# Java VM: OpenJDK 64-Bit Server VM Temurin-21.0.6+7 (21.0.6+7-LTS, mixed mode, sharing, tiered, compressed oops, compressed class ptrs, parallel gc, windows-amd64)
# No core dump will be written. Minidumps are not enabled by default on client versions of Windows
#

---------------  S U M M A R Y ------------

Command Line: --add-modules=ALL-SYSTEM --add-opens=java.base/java.util=ALL-UNNAMED --add-opens=java.base/java.lang=ALL-UNNAMED --add-opens=java.base/sun.nio.fs=ALL-UNNAMED -Declipse.application=org.eclipse.jdt.ls.core.id1 -Dosgi.bundles.defaultStartLevel=4 -Declipse.product=org.eclipse.jdt.ls.core.product -Djava.import.generatesMetadataFilesAtProjectRoot=false -DDetectVMInstallationsJob.disabled=true -Dfile.encoding=utf8 -XX:+UseParallelGC -XX:GCTimeRatio=4 -XX:AdaptiveSizePolicyWeight=90 -Dsun.zip.disableMemoryMapping=true -Xmx1G -Xms100m -Xlog:disable -javaagent:c:\Users\Darnelle\.vscode\extensions\redhat.java-1.41.1-win32-x64\lombok\lombok-1.18.36.jar -XX:+HeapDumpOnOutOfMemoryError -XX:HeapDumpPath=c:\Users\Darnelle\AppData\Roaming\Code\User\workspaceStorage\81b9ab7934102c23ad3c2cfd07f69688\redhat.java -Daether.dependencyCollector.impl=bf c:\Users\Darnelle\.vscode\extensions\redhat.java-1.41.1-win32-x64\server\plugins\org.eclipse.equinox.launcher_1.7.0.v20250331-1702.jar -configuration c:\Users\Darnelle\AppData\Roaming\Code\User\globalStorage\redhat.java\1.41.1\config_win -data c:\Users\Darnelle\AppData\Roaming\Code\User\workspaceStorage\81b9ab7934102c23ad3c2cfd07f69688\redhat.java\jdt_ws --pipe=\\.\pipe\lsp-721d3f7174d73881798004fe15cda1d5-sock

Host: Intel(R) Celeron(R) N4020 CPU @ 1.10GHz, 2 cores, 3G,  Windows 11 , 64 bit Build 22000 (10.0.22000.2538)
Time: Sun May 18 19:45:36 2025 South Africa Standard Time elapsed time: 92.030870 seconds (0d 0h 1m 32s)

---------------  T H R E A D  ---------------

Current thread (0x000001b4fb2c1450):  JavaThread "C2 CompilerThread0" daemon [_thread_in_native, id=14156, stack(0x000000653cb00000,0x000000653cc00000) (1024K)]


Current CompileTask:
C2:92031 11244       4       java.util.Properties$LineReader::readLine (584 bytes)

Stack: [0x000000653cb00000,0x000000653cc00000]
Native frames: (J=compiled Java code, j=interpreted, Vv=VM code, C=native code)
V  [jvm.dll+0x6cdee9]
V  [jvm.dll+0x8a83d1]
V  [jvm.dll+0x8aa8fe]
V  [jvm.dll+0x8aafe3]
V  [jvm.dll+0x27f706]
V  [jvm.dll+0xc500d]
V  [jvm.dll+0xc5543]
V  [jvm.dll+0x5d71b9]
V  [jvm.dll+0x382964]
V  [jvm.dll+0x381d9a]
V  [jvm.dll+0x2479f0]
V  [jvm.dll+0x246fcf]
V  [jvm.dll+0x1c75ee]
V  [jvm.dll+0x25685a]
V  [jvm.dll+0x254dfa]
V  [jvm.dll+0x3f0256]
V  [jvm.dll+0x851f8b]
V  [jvm.dll+0x6cc5ed]
C  [ucrtbase.dll+0x26c0c]
C  [KERNEL32.DLL+0x153e0]
C  [ntdll.dll+0x485b]


---------------  P R O C E S S  ---------------

Threads class SMR info:
_java_thread_list=0x000001b4e14d62f0, length=44, elements={
0x000001b4f5fcb180, 0x000001b4fb2b5ae0, 0x000001b4fb2b7340, 0x000001b4fb2ba160,
0x000001b4fb2bae70, 0x000001b4fb2bba20, 0x000001b4fb2bf2c0, 0x000001b4fb2c1450,
0x000001b4fb32f060, 0x000001b4fb3941f0, 0x000001b4d41812e0, 0x000001b4d48f9db0,
0x000001b4d4797360, 0x000001b4d495d370, 0x000001b4d495dda0, 0x000001b4d4bd86b0,
0x000001b4d4c04390, 0x000001b4d470ffe0, 0x000001b4d4a34140, 0x000001b4d4a354f0,
0x000001b4d4a382e0, 0x000001b4d4a35b80, 0x000001b4d4a37c50, 0x000001b4d4a347d0,
0x000001b4d4a34e60, 0x000001b4d4a36210, 0x000001b4d4a36f30, 0x000001b4d4a368a0,
0x000001b4d4a32070, 0x000001b4d4a39690, 0x000001b4d4a375c0, 0x000001b4d4a32700,
0x000001b4d4a33ab0, 0x000001b4d4a32d90, 0x000001b4d5c29fd0, 0x000001b4d5c29940,
0x000001b4d5c27870, 0x000001b4d5c28590, 0x000001b4d5c2cdc0, 0x000001b4d5c28c20,
0x000001b4d5c2d450, 0x000001b4d5c2b380, 0x000001b4d5c2acf0, 0x000001b4d5c2ba10
}

Java Threads: ( => current thread )
  0x000001b4f5fcb180 JavaThread "main"                              [_thread_blocked, id=14072, stack(0x000000653c000000,0x000000653c100000) (1024K)]
  0x000001b4fb2b5ae0 JavaThread "Reference Handler"          daemon [_thread_blocked, id=14132, stack(0x000000653c500000,0x000000653c600000) (1024K)]
  0x000001b4fb2b7340 JavaThread "Finalizer"                  daemon [_thread_blocked, id=14136, stack(0x000000653c600000,0x000000653c700000) (1024K)]
  0x000001b4fb2ba160 JavaThread "Signal Dispatcher"          daemon [_thread_blocked, id=14140, stack(0x000000653c700000,0x000000653c800000) (1024K)]
  0x000001b4fb2bae70 JavaThread "Attach Listener"            daemon [_thread_blocked, id=14144, stack(0x000000653c800000,0x000000653c900000) (1024K)]
  0x000001b4fb2bba20 JavaThread "Service Thread"             daemon [_thread_blocked, id=14148, stack(0x000000653c900000,0x000000653ca00000) (1024K)]
  0x000001b4fb2bf2c0 JavaThread "Monitor Deflation Thread"   daemon [_thread_blocked, id=14152, stack(0x000000653ca00000,0x000000653cb00000) (1024K)]
=>0x000001b4fb2c1450 JavaThread "C2 CompilerThread0"         daemon [_thread_in_native, id=14156, stack(0x000000653cb00000,0x000000653cc00000) (1024K)]
  0x000001b4fb32f060 JavaThread "C1 CompilerThread0"         daemon [_thread_blocked, id=14160, stack(0x000000653cc00000,0x000000653cd00000) (1024K)]
  0x000001b4fb3941f0 JavaThread "Common-Cleaner"             daemon [_thread_blocked, id=14164, stack(0x000000653cd00000,0x000000653ce00000) (1024K)]
  0x000001b4d41812e0 JavaThread "Notification Thread"        daemon [_thread_blocked, id=14240, stack(0x000000653ce00000,0x000000653cf00000) (1024K)]
  0x000001b4d48f9db0 JavaThread "Active Thread: Equinox Container: a960a8cc-bb3f-47ca-88c7-93c6e32f9430"        [_thread_blocked, id=1416, stack(0x000000653d000000,0x000000653d100000) (1024K)]
  0x000001b4d4797360 JavaThread "Refresh Thread: Equinox Container: a960a8cc-bb3f-47ca-88c7-93c6e32f9430" daemon [_thread_blocked, id=13384, stack(0x000000653d100000,0x000000653d200000) (1024K)]
  0x000001b4d495d370 JavaThread "Framework Event Dispatcher: Equinox Container: a960a8cc-bb3f-47ca-88c7-93c6e32f9430" daemon [_thread_blocked, id=10728, stack(0x000000653d200000,0x000000653d300000) (1024K)]
  0x000001b4d495dda0 JavaThread "Start Level: Equinox Container: a960a8cc-bb3f-47ca-88c7-93c6e32f9430" daemon [_thread_blocked, id=5704, stack(0x000000653d300000,0x000000653d400000) (1024K)]
  0x000001b4d4bd86b0 JavaThread "Bundle File Closer"         daemon [_thread_blocked, id=13716, stack(0x000000653d400000,0x000000653d500000) (1024K)]
  0x000001b4d4c04390 JavaThread "SCR Component Actor"        daemon [_thread_blocked, id=13600, stack(0x000000653d500000,0x000000653d600000) (1024K)]
  0x000001b4d470ffe0 JavaThread "Worker-JM"                         [_thread_blocked, id=13596, stack(0x000000653d700000,0x000000653d800000) (1024K)]
  0x000001b4d4a34140 JavaThread "JNA Cleaner"                daemon [_thread_blocked, id=4980, stack(0x000000653d800000,0x000000653d900000) (1024K)]
  0x000001b4d4a354f0 JavaThread "Worker-0"                          [_thread_blocked, id=13796, stack(0x000000653d900000,0x000000653da00000) (1024K)]
  0x000001b4d4a382e0 JavaThread "Worker-1"                          [_thread_blocked, id=13808, stack(0x000000653da00000,0x000000653db00000) (1024K)]
  0x000001b4d4a35b80 JavaThread "Worker-2"                          [_thread_blocked, id=13984, stack(0x000000653db00000,0x000000653dc00000) (1024K)]
  0x000001b4d4a37c50 JavaThread "Java indexing"              daemon [_thread_blocked, id=14192, stack(0x000000653dc00000,0x000000653dd00000) (1024K)]
  0x000001b4d4a347d0 JavaThread "Worker-3"                          [_thread_blocked, id=13896, stack(0x000000653de00000,0x000000653df00000) (1024K)]
  0x000001b4d4a34e60 JavaThread "Worker-4"                          [_thread_blocked, id=12408, stack(0x000000653df00000,0x000000653e000000) (1024K)]
  0x000001b4d4a36210 JavaThread "Thread-2"                   daemon [_thread_in_native, id=3620, stack(0x000000653e000000,0x000000653e100000) (1024K)]
  0x000001b4d4a36f30 JavaThread "Thread-3"                   daemon [_thread_in_native, id=14016, stack(0x000000653e100000,0x000000653e200000) (1024K)]
  0x000001b4d4a368a0 JavaThread "Thread-4"                   daemon [_thread_in_native, id=14020, stack(0x000000653e200000,0x000000653e300000) (1024K)]
  0x000001b4d4a32070 JavaThread "pool-2-thread-1"                   [_thread_blocked, id=13448, stack(0x000000653e300000,0x000000653e400000) (1024K)]
  0x000001b4d4a39690 JavaThread "WorkspaceEventsHandler"            [_thread_blocked, id=13460, stack(0x000000653e400000,0x000000653e500000) (1024K)]
  0x000001b4d4a375c0 JavaThread "pool-1-thread-1"                   [_thread_blocked, id=13468, stack(0x000000653e500000,0x000000653e600000) (1024K)]
  0x000001b4d4a32700 JavaThread "LocalFile Deleter"          daemon [_thread_blocked, id=12252, stack(0x000000653e700000,0x000000653e800000) (1024K)]
  0x000001b4d4a33ab0 JavaThread "Compiler Processing Task"   daemon [_thread_blocked, id=13512, stack(0x000000653e800000,0x000000653e900000) (1024K)]
  0x000001b4d4a32d90 JavaThread "Compiler Class File Writer" daemon [_thread_blocked, id=13712, stack(0x000000653e900000,0x000000653ea00000) (1024K)]
  0x000001b4d5c29fd0 JavaThread "ForkJoinPool.commonPool-worker-1" daemon [_thread_blocked, id=10456, stack(0x000000653ec00000,0x000000653ed00000) (1024K)]
  0x000001b4d5c29940 JavaThread "Worker-5"                          [_thread_blocked, id=10816, stack(0x000000653c100000,0x000000653c200000) (1024K)]
  0x000001b4d5c27870 JavaThread "Worker-6"                          [_thread_blocked, id=14292, stack(0x000000653eb00000,0x000000653ec00000) (1024K)]
  0x000001b4d5c28590 JavaThread "Java Debug Server"                 [_thread_in_native, id=14172, stack(0x000000653ea00000,0x000000653eb00000) (1024K)]
  0x000001b4d5c2cdc0 JavaThread "pool-4-thread-1"                   [_thread_in_native, id=8572, stack(0x000000653bf00000,0x000000653c000000) (1024K)]
  0x000001b4d5c28c20 JavaThread "RxSchedulerPurge-1"         daemon [_thread_blocked, id=13200, stack(0x000000653ed00000,0x000000653ee00000) (1024K)]
  0x000001b4d5c2d450 JavaThread "RxCachedWorkerPoolEvictor-1" daemon [_thread_blocked, id=14108, stack(0x000000653ee00000,0x000000653ef00000) (1024K)]
  0x000001b4d5c2b380 JavaThread "RxNewThreadScheduler-1"     daemon [_thread_blocked, id=13968, stack(0x000000653ef00000,0x000000653f000000) (1024K)]
  0x000001b4d5c2acf0 JavaThread "Timer-0"                           [_thread_blocked, id=14196, stack(0x000000653f000000,0x000000653f100000) (1024K)]
  0x000001b4d5c2ba10 JavaThread "Thread-98"                         [_thread_in_vm, id=4956, stack(0x000000653e600000,0x000000653e700000) (1024K)]
Total: 44

Other Threads:
  0x000001b4f609eb60 VMThread "VM Thread"                           [id=14128, stack(0x000000653c400000,0x000000653c500000) (1024K)]
  0x000001b4fb251ae0 WatcherThread "VM Periodic Task Thread"        [id=14124, stack(0x000000653c300000,0x000000653c400000) (1024K)]
  0x000001b4f5fe8b70 WorkerThread "GC Thread#0"                     [id=14100, stack(0x000000653c200000,0x000000653c300000) (1024K)]
  0x000001b4d48095f0 WorkerThread "GC Thread#1"                     [id=14312, stack(0x000000653cf00000,0x000000653d000000) (1024K)]
Total: 4

Threads with active compile tasks:
C2 CompilerThread0  92083 11244       4       java.util.Properties$LineReader::readLine (584 bytes)
Total: 1

VM state: not at safepoint (normal execution)

VM Mutex/Monitor currently owned by a thread: None

Heap address: 0x00000000c0000000, size: 1024 MB, Compressed Oops mode: 32-bit

CDS archive(s) mapped at: [0x000001b48f000000-0x000001b48fba0000-0x000001b48fba0000), size 12189696, SharedBaseAddress: 0x000001b48f000000, ArchiveRelocationMode: 1.
Compressed class space mapped at: 0x000001b490000000-0x000001b4d0000000, reserved size: 1073741824
Narrow klass base: 0x000001b48f000000, Narrow klass shift: 0, Narrow klass range: 0x100000000

GC Precious Log:
 CardTable entry size: 512
 CPUs: 2 total, 2 available
 Memory: 3916M
 Large Page Support: Disabled
 NUMA Support: Disabled
 Compressed Oops: Enabled (32-bit)
 Alignments: Space 512K, Generation 512K, Heap 2M
 Heap Min Capacity: 100M
 Heap Initial Capacity: 100M
 Heap Max Capacity: 1G
 Pre-touch: Disabled
 Parallel Workers: 2

Heap:
 PSYoungGen      total 5632K, used 3696K [0x00000000eab00000, 0x00000000eb580000, 0x0000000100000000)
  eden space 5120K, 67% used [0x00000000eab00000,0x00000000eae62f68,0x00000000eb000000)
  from space 512K, 44% used [0x00000000eb500000,0x00000000eb539448,0x00000000eb580000)
  to   space 512K, 0% used [0x00000000eb480000,0x00000000eb480000,0x00000000eb500000)
 ParOldGen       total 413184K, used 412993K [0x00000000c0000000, 0x00000000d9380000, 0x00000000eab00000)
  object space 413184K, 99% used [0x00000000c0000000,0x00000000d9350740,0x00000000d9380000)
 Metaspace       used 70665K, committed 72192K, reserved 1114112K
  class space    used 7452K, committed 8064K, reserved 1048576K

Card table byte_map: [0x000001b4f5990000,0x000001b4f5ba0000] _byte_map_base: 0x000001b4f5390000

Marking Bits: (ParMarkBitMap*) 0x00007ff94fb93260
 Begin Bits: [0x000001b4f91d0000, 0x000001b4fa1d0000)
 End Bits:   [0x000001b4fa1d0000, 0x000001b4fb1d0000)

Polling page: 0x000001b4f3ed0000

Metaspace:

Usage:
  Non-class:     61.73 MB used.
      Class:      7.28 MB used.
       Both:     69.01 MB used.

Virtual space:
  Non-class space:       64.00 MB reserved,      62.62 MB ( 98%) committed,  1 nodes.
      Class space:        1.00 GB reserved,       7.88 MB ( <1%) committed,  1 nodes.
             Both:        1.06 GB reserved,      70.50 MB (  6%) committed. 

Chunk freelists:
   Non-Class:  544.00 KB
       Class:  8.13 MB
        Both:  8.66 MB

MaxMetaspaceSize: unlimited
CompressedClassSpaceSize: 1.00 GB
Initial GC threshold: 21.00 MB
Current GC threshold: 97.31 MB
CDS: on
 - commit_granule_bytes: 65536.
 - commit_granule_words: 8192.
 - virtual_space_node_default_size: 8388608.
 - enlarge_chunks_in_place: 1.
 - use_allocation_guard: 0.


Internal statistics:

num_allocs_failed_limit: 9.
num_arena_births: 1290.
num_arena_deaths: 14.
num_vsnodes_births: 2.
num_vsnodes_deaths: 0.
num_space_committed: 1128.
num_space_uncommitted: 0.
num_chunks_returned_to_freelist: 23.
num_chunks_taken_from_freelist: 4667.
num_chunk_merges: 12.
num_chunk_splits: 2858.
num_chunks_enlarged: 1637.
num_inconsistent_stats: 0.

CodeHeap 'non-profiled nmethods': size=120064Kb used=7817Kb max_used=7817Kb free=112246Kb
 bounds [0x000001b487ac0000, 0x000001b488270000, 0x000001b48f000000]
CodeHeap 'profiled nmethods': size=120000Kb used=24111Kb max_used=24111Kb free=95888Kb
 bounds [0x000001b480000000, 0x000001b481790000, 0x000001b487530000]
CodeHeap 'non-nmethods': size=5696Kb used=1465Kb max_used=1496Kb free=4230Kb
 bounds [0x000001b487530000, 0x000001b4877a0000, 0x000001b487ac0000]
 total_blobs=11201 nmethods=10405 adapters=701
 compilation: enabled
              stopped_count=0, restarted_count=0
 full_count=0

Compilation events (20 events):
Event: 84.974 Thread 0x000001b4fb32f060 11236       3       java.util.Formatter::toString (14 bytes)
Event: 84.974 Thread 0x000001b4fb32f060 nmethod 11236 0x000001b481789890 code [0x000001b481789a60, 0x000001b481789d48]
Event: 84.983 Thread 0x000001b4fb32f060 11238       3       java.lang.invoke.LambdaForm$Name::cloneWithIndex (47 bytes)
Event: 84.984 Thread 0x000001b4fb32f060 nmethod 11238 0x000001b481789e90 code [0x000001b48178a080, 0x000001b48178a5d8]
Event: 84.985 Thread 0x000001b4fb32f060 11239       3       java.lang.invoke.LambdaFormBuffer::replaceParameterByCopy (38 bytes)
Event: 84.985 Thread 0x000001b4fb32f060 nmethod 11239 0x000001b48178a790 code [0x000001b48178a960, 0x000001b48178ab48]
Event: 84.994 Thread 0x000001b4fb32f060 11240       3       java.util.concurrent.atomic.AtomicReference::<init> (5 bytes)
Event: 84.994 Thread 0x000001b4fb32f060 nmethod 11240 0x000001b48178ac90 code [0x000001b48178ae40, 0x000001b48178afa8]
Event: 85.102 Thread 0x000001b4fb2c1450 nmethod 11226 0x000001b48825a810 code [0x000001b48825ae00, 0x000001b48825ea20]
Event: 85.103 Thread 0x000001b4fb2c1450 11237       4       jdk.internal.org.objectweb.asm.Frame::push (109 bytes)
Event: 85.108 Thread 0x000001b4fb2c1450 nmethod 11237 0x000001b488261010 code [0x000001b4882611c0, 0x000001b4882615f8]
Event: 85.109 Thread 0x000001b4fb2c1450 11231       4       java.util.regex.Pattern$BranchConn::match (11 bytes)
Event: 85.109 Thread 0x000001b4fb2c1450 nmethod 11231 0x000001b488261790 code [0x000001b488261920, 0x000001b4882619d0]
Event: 85.109 Thread 0x000001b4fb2c1450 11227       4       sun.invoke.util.VerifyAccess::isClassAccessible (230 bytes)
Event: 85.116 Thread 0x000001b4fb2c1450 nmethod 11227 0x000001b488261a90 code [0x000001b488261c80, 0x000001b488262060]
Event: 91.922 Thread 0x000001b4fb32f060 11242       3       com.google.gson.internal.bind.TypeAdapters$7::read (6 bytes)
Event: 91.924 Thread 0x000001b4fb32f060 nmethod 11242 0x000001b48178b090 code [0x000001b48178b2a0, 0x000001b48178b808]
Event: 91.937 Thread 0x000001b4fb32f060 11243       3       java.util.concurrent.CountDownLatch$Sync::tryAcquireShared (13 bytes)
Event: 91.938 Thread 0x000001b4fb32f060 nmethod 11243 0x000001b48178ba10 code [0x000001b48178bbc0, 0x000001b48178bd58]
Event: 91.985 Thread 0x000001b4fb2c1450 11244       4       java.util.Properties$LineReader::readLine (584 bytes)

GC Heap History (20 events):
Event: 83.703 GC heap before
{Heap before GC invocations=290 (full 3):
 PSYoungGen      total 3072K, used 3046K [0x00000000eab00000, 0x00000000eb500000, 0x0000000100000000)
  eden space 2048K, 100% used [0x00000000eab00000,0x00000000ead00000,0x00000000ead00000)
  from space 1024K, 97% used [0x00000000eb100000,0x00000000eb1f9b28,0x00000000eb200000)
  to   space 4096K, 0% used [0x00000000ead00000,0x00000000ead00000,0x00000000eb100000)
 ParOldGen       total 401920K, used 401415K [0x00000000c0000000, 0x00000000d8880000, 0x00000000eab00000)
  object space 401920K, 99% used [0x00000000c0000000,0x00000000d8801f18,0x00000000d8880000)
 Metaspace       used 67794K, committed 69312K, reserved 1114112K
  class space    used 7064K, committed 7680K, reserved 1048576K
}
Event: 83.720 GC heap after
{Heap after GC invocations=290 (full 3):
 PSYoungGen      total 4096K, used 1984K [0x00000000eab00000, 0x00000000eb200000, 0x0000000100000000)
  eden space 2048K, 0% used [0x00000000eab00000,0x00000000eab00000,0x00000000ead00000)
  from space 2048K, 96% used [0x00000000ead00000,0x00000000eaef0000,0x00000000eaf00000)
  to   space 2560K, 0% used [0x00000000eaf80000,0x00000000eaf80000,0x00000000eb200000)
 ParOldGen       total 402432K, used 402430K [0x00000000c0000000, 0x00000000d8900000, 0x00000000eab00000)
  object space 402432K, 99% used [0x00000000c0000000,0x00000000d88ffa40,0x00000000d8900000)
 Metaspace       used 67794K, committed 69312K, reserved 1114112K
  class space    used 7064K, committed 7680K, reserved 1048576K
}
Event: 83.896 GC heap before
{Heap before GC invocations=291 (full 3):
 PSYoungGen      total 4096K, used 4026K [0x00000000eab00000, 0x00000000eb200000, 0x0000000100000000)
  eden space 2048K, 99% used [0x00000000eab00000,0x00000000eacfe890,0x00000000ead00000)
  from space 2048K, 96% used [0x00000000ead00000,0x00000000eaef0000,0x00000000eaf00000)
  to   space 2560K, 0% used [0x00000000eaf80000,0x00000000eaf80000,0x00000000eb200000)
 ParOldGen       total 402432K, used 402430K [0x00000000c0000000, 0x00000000d8900000, 0x00000000eab00000)
  object space 402432K, 99% used [0x00000000c0000000,0x00000000d88ffa40,0x00000000d8900000)
 Metaspace       used 67873K, committed 69312K, reserved 1114112K
  class space    used 7072K, committed 7680K, reserved 1048576K
}
Event: 83.911 GC heap after
{Heap after GC invocations=291 (full 3):
 PSYoungGen      total 3072K, used 896K [0x00000000eab00000, 0x00000000eb080000, 0x0000000100000000)
  eden space 2048K, 0% used [0x00000000eab00000,0x00000000eab00000,0x00000000ead00000)
  from space 1024K, 87% used [0x00000000eaf80000,0x00000000eb060020,0x00000000eb080000)
  to   space 1536K, 0% used [0x00000000ead80000,0x00000000ead80000,0x00000000eaf00000)
 ParOldGen       total 404480K, used 404406K [0x00000000c0000000, 0x00000000d8b00000, 0x00000000eab00000)
  object space 404480K, 99% used [0x00000000c0000000,0x00000000d8aeda40,0x00000000d8b00000)
 Metaspace       used 67873K, committed 69312K, reserved 1114112K
  class space    used 7072K, committed 7680K, reserved 1048576K
}
Event: 83.926 GC heap before
{Heap before GC invocations=292 (full 3):
 PSYoungGen      total 3072K, used 2944K [0x00000000eab00000, 0x00000000eb080000, 0x0000000100000000)
  eden space 2048K, 100% used [0x00000000eab00000,0x00000000ead00000,0x00000000ead00000)
  from space 1024K, 87% used [0x00000000eaf80000,0x00000000eb060020,0x00000000eb080000)
  to   space 1536K, 0% used [0x00000000ead80000,0x00000000ead80000,0x00000000eaf00000)
 ParOldGen       total 404480K, used 404406K [0x00000000c0000000, 0x00000000d8b00000, 0x00000000eab00000)
  object space 404480K, 99% used [0x00000000c0000000,0x00000000d8aeda40,0x00000000d8b00000)
 Metaspace       used 67891K, committed 69312K, reserved 1114112K
  class space    used 7077K, committed 7680K, reserved 1048576K
}
Event: 83.942 GC heap after
{Heap after GC invocations=292 (full 3):
 PSYoungGen      total 4096K, used 1510K [0x00000000eab00000, 0x00000000eb380000, 0x0000000100000000)
  eden space 2560K, 0% used [0x00000000eab00000,0x00000000eab00000,0x00000000ead80000)
  from space 1536K, 98% used [0x00000000ead80000,0x00000000eaef9b28,0x00000000eaf00000)
  to   space 3072K, 0% used [0x00000000eb080000,0x00000000eb080000,0x00000000eb380000)
 ParOldGen       total 406016K, used 405595K [0x00000000c0000000, 0x00000000d8c80000, 0x00000000eab00000)
  object space 406016K, 99% used [0x00000000c0000000,0x00000000d8c16fc8,0x00000000d8c80000)
 Metaspace       used 67891K, committed 69312K, reserved 1114112K
  class space    used 7077K, committed 7680K, reserved 1048576K
}
Event: 83.969 GC heap before
{Heap before GC invocations=293 (full 3):
 PSYoungGen      total 4096K, used 4070K [0x00000000eab00000, 0x00000000eb380000, 0x0000000100000000)
  eden space 2560K, 100% used [0x00000000eab00000,0x00000000ead80000,0x00000000ead80000)
  from space 1536K, 98% used [0x00000000ead80000,0x00000000eaef9b28,0x00000000eaf00000)
  to   space 3072K, 0% used [0x00000000eb080000,0x00000000eb080000,0x00000000eb380000)
 ParOldGen       total 406016K, used 405595K [0x00000000c0000000, 0x00000000d8c80000, 0x00000000eab00000)
  object space 406016K, 99% used [0x00000000c0000000,0x00000000d8c16fc8,0x00000000d8c80000)
 Metaspace       used 67931K, committed 69376K, reserved 1114112K
  class space    used 7081K, committed 7680K, reserved 1048576K
}
Event: 83.991 GC heap after
{Heap after GC invocations=293 (full 3):
 PSYoungGen      total 5632K, used 2317K [0x00000000eab00000, 0x00000000eb300000, 0x0000000100000000)
  eden space 3072K, 0% used [0x00000000eab00000,0x00000000eab00000,0x00000000eae00000)
  from space 2560K, 90% used [0x00000000eb080000,0x00000000eb2c3650,0x00000000eb300000)
  to   space 2560K, 0% used [0x00000000eae00000,0x00000000eae00000,0x00000000eb080000)
 ParOldGen       total 407552K, used 407122K [0x00000000c0000000, 0x00000000d8e00000, 0x00000000eab00000)
  object space 407552K, 99% used [0x00000000c0000000,0x00000000d8d94af0,0x00000000d8e00000)
 Metaspace       used 67931K, committed 69376K, reserved 1114112K
  class space    used 7081K, committed 7680K, reserved 1048576K
}
Event: 84.004 GC heap before
{Heap before GC invocations=294 (full 3):
 PSYoungGen      total 5632K, used 5389K [0x00000000eab00000, 0x00000000eb300000, 0x0000000100000000)
  eden space 3072K, 100% used [0x00000000eab00000,0x00000000eae00000,0x00000000eae00000)
  from space 2560K, 90% used [0x00000000eb080000,0x00000000eb2c3650,0x00000000eb300000)
  to   space 2560K, 0% used [0x00000000eae00000,0x00000000eae00000,0x00000000eb080000)
 ParOldGen       total 407552K, used 407122K [0x00000000c0000000, 0x00000000d8e00000, 0x00000000eab00000)
  object space 407552K, 99% used [0x00000000c0000000,0x00000000d8d94af0,0x00000000d8e00000)
 Metaspace       used 67931K, committed 69376K, reserved 1114112K
  class space    used 7081K, committed 7680K, reserved 1048576K
}
Event: 84.031 GC heap after
{Heap after GC invocations=294 (full 3):
 PSYoungGen      total 5632K, used 2560K [0x00000000eab00000, 0x00000000ebb00000, 0x0000000100000000)
  eden space 3072K, 0% used [0x00000000eab00000,0x00000000eab00000,0x00000000eae00000)
  from space 2560K, 100% used [0x00000000eae00000,0x00000000eb080000,0x00000000eb080000)
  to   space 6144K, 0% used [0x00000000eb500000,0x00000000eb500000,0x00000000ebb00000)
 ParOldGen       total 410112K, used 409896K [0x00000000c0000000, 0x00000000d9080000, 0x00000000eab00000)
  object space 410112K, 99% used [0x00000000c0000000,0x00000000d904a140,0x00000000d9080000)
 Metaspace       used 67931K, committed 69376K, reserved 1114112K
  class space    used 7081K, committed 7680K, reserved 1048576K
}
Event: 84.260 GC heap before
{Heap before GC invocations=295 (full 3):
 PSYoungGen      total 5632K, used 5632K [0x00000000eab00000, 0x00000000ebb00000, 0x0000000100000000)
  eden space 3072K, 100% used [0x00000000eab00000,0x00000000eae00000,0x00000000eae00000)
  from space 2560K, 100% used [0x00000000eae00000,0x00000000eb080000,0x00000000eb080000)
  to   space 6144K, 0% used [0x00000000eb500000,0x00000000eb500000,0x00000000ebb00000)
 ParOldGen       total 410112K, used 409896K [0x00000000c0000000, 0x00000000d9080000, 0x00000000eab00000)
  object space 410112K, 99% used [0x00000000c0000000,0x00000000d904a140,0x00000000d9080000)
 Metaspace       used 68361K, committed 69824K, reserved 1114112K
  class space    used 7118K, committed 7744K, reserved 1048576K
}
Event: 84.276 GC heap after
{Heap after GC invocations=295 (full 3):
 PSYoungGen      total 4608K, used 337K [0x00000000eab00000, 0x00000000eb580000, 0x0000000100000000)
  eden space 4096K, 0% used [0x00000000eab00000,0x00000000eab00000,0x00000000eaf00000)
  from space 512K, 65% used [0x00000000eb500000,0x00000000eb5545d0,0x00000000eb580000)
  to   space 2560K, 0% used [0x00000000eb080000,0x00000000eb080000,0x00000000eb300000)
 ParOldGen       total 412672K, used 412480K [0x00000000c0000000, 0x00000000d9300000, 0x00000000eab00000)
  object space 412672K, 99% used [0x00000000c0000000,0x00000000d92d0140,0x00000000d9300000)
 Metaspace       used 68361K, committed 69824K, reserved 1114112K
  class space    used 7118K, committed 7744K, reserved 1048576K
}
Event: 84.427 GC heap before
{Heap before GC invocations=296 (full 3):
 PSYoungGen      total 4608K, used 4433K [0x00000000eab00000, 0x00000000eb580000, 0x0000000100000000)
  eden space 4096K, 100% used [0x00000000eab00000,0x00000000eaf00000,0x00000000eaf00000)
  from space 512K, 65% used [0x00000000eb500000,0x00000000eb5545d0,0x00000000eb580000)
  to   space 2560K, 0% used [0x00000000eb080000,0x00000000eb080000,0x00000000eb300000)
 ParOldGen       total 412672K, used 412480K [0x00000000c0000000, 0x00000000d9300000, 0x00000000eab00000)
  object space 412672K, 99% used [0x00000000c0000000,0x00000000d92d0140,0x00000000d9300000)
 Metaspace       used 68801K, committed 70272K, reserved 1114112K
  class space    used 7178K, committed 7808K, reserved 1048576K
}
Event: 84.434 GC heap after
{Heap after GC invocations=296 (full 3):
 PSYoungGen      total 7680K, used 96K [0x00000000eab00000, 0x00000000eb580000, 0x0000000100000000)
  eden space 5120K, 0% used [0x00000000eab00000,0x00000000eab00000,0x00000000eb000000)
  from space 2560K, 3% used [0x00000000eb080000,0x00000000eb098000,0x00000000eb300000)
  to   space 512K, 0% used [0x00000000eb500000,0x00000000eb500000,0x00000000eb580000)
 ParOldGen       total 413184K, used 412777K [0x00000000c0000000, 0x00000000d9380000, 0x00000000eab00000)
  object space 413184K, 99% used [0x00000000c0000000,0x00000000d931a710,0x00000000d9380000)
 Metaspace       used 68801K, committed 70272K, reserved 1114112K
  class space    used 7178K, committed 7808K, reserved 1048576K
}
Event: 84.727 GC heap before
{Heap before GC invocations=297 (full 3):
 PSYoungGen      total 7680K, used 5216K [0x00000000eab00000, 0x00000000eb580000, 0x0000000100000000)
  eden space 5120K, 100% used [0x00000000eab00000,0x00000000eb000000,0x00000000eb000000)
  from space 2560K, 3% used [0x00000000eb080000,0x00000000eb098000,0x00000000eb300000)
  to   space 512K, 0% used [0x00000000eb500000,0x00000000eb500000,0x00000000eb580000)
 ParOldGen       total 413184K, used 412777K [0x00000000c0000000, 0x00000000d9380000, 0x00000000eab00000)
  object space 413184K, 99% used [0x00000000c0000000,0x00000000d931a710,0x00000000d9380000)
 Metaspace       used 69358K, committed 70784K, reserved 1114112K
  class space    used 7274K, committed 7872K, reserved 1048576K
}
Event: 84.733 GC heap after
{Heap after GC invocations=297 (full 3):
 PSYoungGen      total 5632K, used 160K [0x00000000eab00000, 0x00000000eb580000, 0x0000000100000000)
  eden space 5120K, 0% used [0x00000000eab00000,0x00000000eab00000,0x00000000eb000000)
  from space 512K, 31% used [0x00000000eb500000,0x00000000eb528000,0x00000000eb580000)
  to   space 512K, 0% used [0x00000000eb480000,0x00000000eb480000,0x00000000eb500000)
 ParOldGen       total 413184K, used 412817K [0x00000000c0000000, 0x00000000d9380000, 0x00000000eab00000)
  object space 413184K, 99% used [0x00000000c0000000,0x00000000d9324710,0x00000000d9380000)
 Metaspace       used 69358K, committed 70784K, reserved 1114112K
  class space    used 7274K, committed 7872K, reserved 1048576K
}
Event: 84.843 GC heap before
{Heap before GC invocations=298 (full 3):
 PSYoungGen      total 5632K, used 5280K [0x00000000eab00000, 0x00000000eb580000, 0x0000000100000000)
  eden space 5120K, 100% used [0x00000000eab00000,0x00000000eb000000,0x00000000eb000000)
  from space 512K, 31% used [0x00000000eb500000,0x00000000eb528000,0x00000000eb580000)
  to   space 512K, 0% used [0x00000000eb480000,0x00000000eb480000,0x00000000eb500000)
 ParOldGen       total 413184K, used 412817K [0x00000000c0000000, 0x00000000d9380000, 0x00000000eab00000)
  object space 413184K, 99% used [0x00000000c0000000,0x00000000d9324710,0x00000000d9380000)
 Metaspace       used 69818K, committed 71296K, reserved 1114112K
  class space    used 7372K, committed 8000K, reserved 1048576K
}
Event: 84.848 GC heap after
{Heap after GC invocations=298 (full 3):
 PSYoungGen      total 5632K, used 128K [0x00000000eab00000, 0x00000000eb580000, 0x0000000100000000)
  eden space 5120K, 0% used [0x00000000eab00000,0x00000000eab00000,0x00000000eb000000)
  from space 512K, 25% used [0x00000000eb480000,0x00000000eb4a0000,0x00000000eb500000)
  to   space 512K, 0% used [0x00000000eb500000,0x00000000eb500000,0x00000000eb580000)
 ParOldGen       total 413184K, used 412921K [0x00000000c0000000, 0x00000000d9380000, 0x00000000eab00000)
  object space 413184K, 99% used [0x00000000c0000000,0x00000000d933e740,0x00000000d9380000)
 Metaspace       used 69818K, committed 71296K, reserved 1114112K
  class space    used 7372K, committed 8000K, reserved 1048576K
}
Event: 91.956 GC heap before
{Heap before GC invocations=299 (full 3):
 PSYoungGen      total 5632K, used 5221K [0x00000000eab00000, 0x00000000eb580000, 0x0000000100000000)
  eden space 5120K, 99% used [0x00000000eab00000,0x00000000eaff9660,0x00000000eb000000)
  from space 512K, 25% used [0x00000000eb480000,0x00000000eb4a0000,0x00000000eb500000)
  to   space 512K, 0% used [0x00000000eb500000,0x00000000eb500000,0x00000000eb580000)
 ParOldGen       total 413184K, used 412921K [0x00000000c0000000, 0x00000000d9380000, 0x00000000eab00000)
  object space 413184K, 99% used [0x00000000c0000000,0x00000000d933e740,0x00000000d9380000)
 Metaspace       used 70441K, committed 71936K, reserved 1114112K
  class space    used 7443K, committed 8064K, reserved 1048576K
}
Event: 91.961 GC heap after
{Heap after GC invocations=299 (full 3):
 PSYoungGen      total 5632K, used 229K [0x00000000eab00000, 0x00000000eb580000, 0x0000000100000000)
  eden space 5120K, 0% used [0x00000000eab00000,0x00000000eab00000,0x00000000eb000000)
  from space 512K, 44% used [0x00000000eb500000,0x00000000eb539448,0x00000000eb580000)
  to   space 512K, 0% used [0x00000000eb480000,0x00000000eb480000,0x00000000eb500000)
 ParOldGen       total 413184K, used 412993K [0x00000000c0000000, 0x00000000d9380000, 0x00000000eab00000)
  object space 413184K, 99% used [0x00000000c0000000,0x00000000d9350740,0x00000000d9380000)
 Metaspace       used 70441K, committed 71936K, reserved 1114112K
  class space    used 7443K, committed 8064K, reserved 1048576K
}

Dll operation events (11 events):
Event: 0.111 Loaded shared library c:\Users\Darnelle\.vscode\extensions\redhat.java-1.41.1-win32-x64\jre\21.0.6-win32-x86_64\bin\java.dll
Event: 0.512 Loaded shared library c:\Users\Darnelle\.vscode\extensions\redhat.java-1.41.1-win32-x64\jre\21.0.6-win32-x86_64\bin\zip.dll
Event: 0.633 Loaded shared library C:\Users\Darnelle\.vscode\extensions\redhat.java-1.41.1-win32-x64\jre\21.0.6-win32-x86_64\bin\instrument.dll
Event: 0.646 Loaded shared library C:\Users\Darnelle\.vscode\extensions\redhat.java-1.41.1-win32-x64\jre\21.0.6-win32-x86_64\bin\net.dll
Event: 0.650 Loaded shared library C:\Users\Darnelle\.vscode\extensions\redhat.java-1.41.1-win32-x64\jre\21.0.6-win32-x86_64\bin\nio.dll
Event: 0.661 Loaded shared library C:\Users\Darnelle\.vscode\extensions\redhat.java-1.41.1-win32-x64\jre\21.0.6-win32-x86_64\bin\zip.dll
Event: 0.723 Loaded shared library C:\Users\Darnelle\.vscode\extensions\redhat.java-1.41.1-win32-x64\jre\21.0.6-win32-x86_64\bin\jimage.dll
Event: 1.060 Loaded shared library c:\Users\Darnelle\.vscode\extensions\redhat.java-1.41.1-win32-x64\jre\21.0.6-win32-x86_64\bin\verify.dll
Event: 4.924 Loaded shared library C:\Users\Darnelle\AppData\Roaming\Code\User\globalStorage\redhat.java\1.41.1\config_win\org.eclipse.equinox.launcher\org.eclipse.equinox.launcher.win32.win32.x86_64_1.2.1300.v20250331-1702\eclipse_11911.dll
Event: 10.023 Loaded shared library C:\Users\Darnelle\AppData\Local\Temp\jna-1808956281\jna2538949799373394585.dll
Event: 83.579 Loaded shared library C:\Users\Darnelle\.vscode\extensions\redhat.java-1.41.1-win32-x64\jre\21.0.6-win32-x86_64\bin\extnet.dll

Deoptimization events (20 events):
Event: 84.921 Thread 0x000001b4d5c2b380 Uncommon trap: trap_request=0xffffffde fr.pc=0x000001b48802845c relative=0x0000000000001a9c
Event: 84.921 Thread 0x000001b4d5c2b380 Uncommon trap: reason=class_check action=maybe_recompile pc=0x000001b48802845c method=com.google.gson.internal.bind.TypeAdapters$15.read(Lcom/google/gson/stream/JsonReader;)Ljava/lang/String; @ 1 c2
Event: 84.921 Thread 0x000001b4d5c2b380 DEOPT PACKING pc=0x000001b48802845c sp=0x000000653effe6a0
Event: 84.921 Thread 0x000001b4d5c2b380 DEOPT UNPACKING pc=0x000001b487583a9c sp=0x000000653effe6f8 mode 2
Event: 84.921 Thread 0x000001b4d5c2b380 Uncommon trap: trap_request=0xffffffde fr.pc=0x000001b48802845c relative=0x0000000000001a9c
Event: 84.921 Thread 0x000001b4d5c2b380 Uncommon trap: reason=class_check action=maybe_recompile pc=0x000001b48802845c method=com.google.gson.internal.bind.TypeAdapters$15.read(Lcom/google/gson/stream/JsonReader;)Ljava/lang/String; @ 1 c2
Event: 84.921 Thread 0x000001b4d5c2b380 DEOPT PACKING pc=0x000001b48802845c sp=0x000000653effe6a0
Event: 84.921 Thread 0x000001b4d5c2b380 DEOPT UNPACKING pc=0x000001b487583a9c sp=0x000000653effe6f8 mode 2
Event: 84.949 Thread 0x000001b4d5c2b380 Uncommon trap: trap_request=0xffffffde fr.pc=0x000001b48802845c relative=0x0000000000001a9c
Event: 84.949 Thread 0x000001b4d5c2b380 Uncommon trap: reason=class_check action=maybe_recompile pc=0x000001b48802845c method=com.google.gson.internal.bind.TypeAdapters$15.read(Lcom/google/gson/stream/JsonReader;)Ljava/lang/String; @ 1 c2
Event: 84.949 Thread 0x000001b4d5c2b380 DEOPT PACKING pc=0x000001b48802845c sp=0x000000653effe6a0
Event: 84.949 Thread 0x000001b4d5c2b380 DEOPT UNPACKING pc=0x000001b487583a9c sp=0x000000653effe6f8 mode 2
Event: 91.985 Thread 0x000001b4d5c2ba10 DEOPT PACKING pc=0x000001b480d28326 sp=0x000000653e6fdb60
Event: 91.985 Thread 0x000001b4d5c2ba10 DEOPT UNPACKING pc=0x000001b487584223 sp=0x000000653e6fd050 mode 0
Event: 91.986 Thread 0x000001b4d5c2ba10 DEOPT PACKING pc=0x000001b480d28326 sp=0x000000653e6fdb60
Event: 91.986 Thread 0x000001b4d5c2ba10 DEOPT UNPACKING pc=0x000001b487584223 sp=0x000000653e6fd050 mode 0
Event: 92.010 Thread 0x000001b4d5c2ba10 DEOPT PACKING pc=0x000001b480d28326 sp=0x000000653e6fdb60
Event: 92.010 Thread 0x000001b4d5c2ba10 DEOPT UNPACKING pc=0x000001b487584223 sp=0x000000653e6fd050 mode 0
Event: 92.016 Thread 0x000001b4d5c2ba10 DEOPT PACKING pc=0x000001b480d28326 sp=0x000000653e6fdb60
Event: 92.016 Thread 0x000001b4d5c2ba10 DEOPT UNPACKING pc=0x000001b487584223 sp=0x000000653e6fd050 mode 0

Classes loaded (20 events):
Event: 84.107 Loading class java/lang/VerifyError
Event: 84.107 Loading class java/lang/VerifyError done
Event: 84.107 Loading class java/lang/ClassCircularityError
Event: 84.107 Loading class java/lang/ClassCircularityError done
Event: 84.952 Loading class java/time/Instant$1
Event: 84.952 Loading class java/time/Instant$1 done
Event: 84.959 Loading class java/util/stream/SliceOps
Event: 84.959 Loading class java/util/stream/SliceOps done
Event: 84.959 Loading class java/util/stream/SliceOps$1
Event: 84.960 Loading class java/util/stream/SliceOps$1 done
Event: 84.971 Loading class java/util/stream/SliceOps$1$1
Event: 84.972 Loading class java/util/stream/SliceOps$1$1 done
Event: 85.004 Loading class java/util/concurrent/CompletableFuture$UniWhenComplete
Event: 85.004 Loading class java/util/concurrent/CompletableFuture$UniWhenComplete done
Event: 85.005 Loading class java/util/concurrent/CompletableFuture$UniCompose
Event: 85.005 Loading class java/util/concurrent/CompletableFuture$UniCompose done
Event: 85.005 Loading class java/util/concurrent/CompletableFuture$UniRelay
Event: 85.005 Loading class java/util/concurrent/CompletableFuture$UniRelay done
Event: 85.632 Loading class java/util/concurrent/ScheduledThreadPoolExecutor$DelayedWorkQueue$Itr
Event: 85.633 Loading class java/util/concurrent/ScheduledThreadPoolExecutor$DelayedWorkQueue$Itr done

Classes unloaded (7 events):
Event: 12.322 Thread 0x000001b4f609eb60 Unloading class 0x000001b490199400 'java/lang/invoke/LambdaForm$MH+0x000001b490199400'
Event: 12.322 Thread 0x000001b4f609eb60 Unloading class 0x000001b490199000 'java/lang/invoke/LambdaForm$MH+0x000001b490199000'
Event: 12.322 Thread 0x000001b4f609eb60 Unloading class 0x000001b490198c00 'java/lang/invoke/LambdaForm$MH+0x000001b490198c00'
Event: 12.322 Thread 0x000001b4f609eb60 Unloading class 0x000001b490198800 'java/lang/invoke/LambdaForm$MH+0x000001b490198800'
Event: 12.322 Thread 0x000001b4f609eb60 Unloading class 0x000001b490198400 'java/lang/invoke/LambdaForm$BMH+0x000001b490198400'
Event: 12.322 Thread 0x000001b4f609eb60 Unloading class 0x000001b490198000 'java/lang/invoke/LambdaForm$DMH+0x000001b490198000'
Event: 12.322 Thread 0x000001b4f609eb60 Unloading class 0x000001b490196c00 'java/lang/invoke/LambdaForm$DMH+0x000001b490196c00'

Classes redefined (0 events):
No events

Internal exceptions (20 events):
Event: 79.726 Thread 0x000001b4d5c292b0 Exception <a 'sun/nio/fs/WindowsException'{0x00000000ead687a8}> (0x00000000ead687a8) 
thrown [s\src\hotspot\share\prims\jni.cpp, line 520]
Event: 79.726 Thread 0x000001b4d5c292b0 Exception <a 'sun/nio/fs/WindowsException'{0x00000000ead69018}> (0x00000000ead69018) 
thrown [s\src\hotspot\share\prims\jni.cpp, line 520]
Event: 79.728 Thread 0x000001b4d5c292b0 Exception <a 'sun/nio/fs/WindowsException'{0x00000000ead6a9d8}> (0x00000000ead6a9d8) 
thrown [s\src\hotspot\share\prims\jni.cpp, line 520]
Event: 79.728 Thread 0x000001b4d5c292b0 Exception <a 'sun/nio/fs/WindowsException'{0x00000000ead6b008}> (0x00000000ead6b008) 
thrown [s\src\hotspot\share\prims\jni.cpp, line 520]
Event: 79.743 Thread 0x000001b4d5c292b0 Exception <a 'sun/nio/fs/WindowsException'{0x00000000ead8c510}> (0x00000000ead8c510) 
thrown [s\src\hotspot\share\prims\jni.cpp, line 520]
Event: 79.743 Thread 0x000001b4d5c292b0 Exception <a 'sun/nio/fs/WindowsException'{0x00000000ead8cdf0}> (0x00000000ead8cdf0) 
thrown [s\src\hotspot\share\prims\jni.cpp, line 520]
Event: 79.777 Thread 0x000001b4d5c27f00 Exception <a 'sun/nio/fs/WindowsException'{0x00000000eae0a0e0}> (0x00000000eae0a0e0) 
thrown [s\src\hotspot\share\prims\jni.cpp, line 520]
Event: 79.778 Thread 0x000001b4d5c27f00 Exception <a 'sun/nio/fs/WindowsException'{0x00000000eae0a730}> (0x00000000eae0a730) 
thrown [s\src\hotspot\share\prims\jni.cpp, line 520]
Event: 79.778 Thread 0x000001b4d5c27f00 Exception <a 'sun/nio/fs/WindowsException'{0x00000000eae0b878}> (0x00000000eae0b878) 
thrown [s\src\hotspot\share\prims\jni.cpp, line 520]
Event: 79.779 Thread 0x000001b4d5c27f00 Exception <a 'sun/nio/fs/WindowsException'{0x00000000eae0c158}> (0x00000000eae0c158) 
thrown [s\src\hotspot\share\prims\jni.cpp, line 520]
Event: 79.786 Thread 0x000001b4d5c27f00 Exception <a 'sun/nio/fs/WindowsException'{0x00000000eae0df78}> (0x00000000eae0df78) 
thrown [s\src\hotspot\share\prims\jni.cpp, line 520]
Event: 79.786 Thread 0x000001b4d5c27f00 Exception <a 'sun/nio/fs/WindowsException'{0x00000000eae0e5a8}> (0x00000000eae0e5a8) 
thrown [s\src\hotspot\share\prims\jni.cpp, line 520]
Event: 79.796 Thread 0x000001b4d5c27f00 Exception <a 'sun/nio/fs/WindowsException'{0x00000000eae27a28}> (0x00000000eae27a28) 
thrown [s\src\hotspot\share\prims\jni.cpp, line 520]
Event: 79.797 Thread 0x000001b4d5c27f00 Exception <a 'sun/nio/fs/WindowsException'{0x00000000eae28308}> (0x00000000eae28308) 
thrown [s\src\hotspot\share\prims\jni.cpp, line 520]
Event: 80.866 Thread 0x000001b4d4a37c50 Exception <a 'sun/nio/fs/WindowsException'{0x00000000eac32a18}> (0x00000000eac32a18) 
thrown [s\src\hotspot\share\prims\jni.cpp, line 520]
Event: 82.835 Thread 0x000001b4d4a37c50 Exception <a 'sun/nio/fs/WindowsException'{0x00000000eafd48d0}> (0x00000000eafd48d0) 
thrown [s\src\hotspot\share\prims\jni.cpp, line 520]
Event: 84.128 Thread 0x000001b4d5c2cdc0 Exception <a 'java/io/FileNotFoundException'{0x00000000eac1d860}> (0x00000000eac1d860) 
thrown [s\src\hotspot\share\prims\jni.cpp, line 520]
Event: 84.819 Thread 0x000001b4d5c2cdc0 Exception <a 'java/lang/NoSuchMethodError'{0x00000000eaeb32a8}: 'java.lang.Object java.lang.invoke.DirectMethodHandle$Holder.invokeVirtual(java.lang.Object, java.lang.Object, java.lang.Object, java.lang.Object)'> (0x00000000eaeb32a8) 
thrown [s\src\hotspot\share\interpreter\linkResolver.cpp, line 773]
Event: 84.924 Thread 0x000001b4d5c2b380 Exception <a 'java/lang/NoSuchMethodError'{0x00000000eade1928}: 'java.lang.Object java.lang.invoke.DirectMethodHandle$Holder.invokeStatic(java.lang.Object, long, java.lang.Object, java.lang.Object)'> (0x00000000eade1928) 
thrown [s\src\hotspot\share\interpreter\linkResolver.cpp, line 773]
Event: 85.003 Thread 0x000001b4d5c2b380 Exception <a 'java/lang/NoSuchMethodError'{0x00000000eaeb5508}: 'void java.lang.invoke.DirectMethodHandle$Holder.invokeStatic(java.lang.Object, java.lang.Object, java.lang.Object, java.lang.Object, java.lang.Object, java.lang.Object, java.lang.Object)'> (0x00000000eaeb5508) 
thrown [s\src\hotspot\share\interpreter\linkResolver.cpp, line 773]

ZGC Phase Switch (0 events):
No events

VM Operations (20 events):
Event: 84.727 Executing VM operation: ParallelGCFailedAllocation (Allocation Failure)
Event: 84.733 Executing VM operation: ParallelGCFailedAllocation (Allocation Failure) done
Event: 84.792 Executing VM operation: HandshakeAllThreads (Deoptimize)
Event: 84.793 Executing VM operation: HandshakeAllThreads (Deoptimize) done
Event: 84.799 Executing VM operation: HandshakeAllThreads (Deoptimize)
Event: 84.799 Executing VM operation: HandshakeAllThreads (Deoptimize) done
Event: 84.843 Executing VM operation: ParallelGCFailedAllocation (Allocation Failure)
Event: 84.849 Executing VM operation: ParallelGCFailedAllocation (Allocation Failure) done
Event: 84.912 Executing VM operation: HandshakeAllThreads (Deoptimize)
Event: 84.913 Executing VM operation: HandshakeAllThreads (Deoptimize) done
Event: 84.964 Executing VM operation: HandshakeAllThreads (Deoptimize)
Event: 84.964 Executing VM operation: HandshakeAllThreads (Deoptimize) done
Event: 84.969 Executing VM operation: HandshakeAllThreads (Deoptimize)
Event: 84.969 Executing VM operation: HandshakeAllThreads (Deoptimize) done
Event: 84.991 Executing VM operation: HandshakeAllThreads (Deoptimize)
Event: 84.991 Executing VM operation: HandshakeAllThreads (Deoptimize) done
Event: 85.998 Executing VM operation: Cleanup
Event: 85.998 Executing VM operation: Cleanup done
Event: 91.956 Executing VM operation: ParallelGCFailedAllocation (Allocation Failure)
Event: 91.961 Executing VM operation: ParallelGCFailedAllocation (Allocation Failure) done

Memory protections (0 events):
No events

Nmethod flushes (20 events):
Event: 58.413 Thread 0x000001b4f609eb60 flushing  nmethod 0x000001b480952710
Event: 58.413 Thread 0x000001b4f609eb60 flushing  nmethod 0x000001b480952f10
Event: 58.413 Thread 0x000001b4f609eb60 flushing  nmethod 0x000001b480953510
Event: 58.413 Thread 0x000001b4f609eb60 flushing  nmethod 0x000001b480953990
Event: 58.413 Thread 0x000001b4f609eb60 flushing  nmethod 0x000001b480959f90
Event: 58.413 Thread 0x000001b4f609eb60 flushing  nmethod 0x000001b48095aa10
Event: 58.413 Thread 0x000001b4f609eb60 flushing  nmethod 0x000001b480960290
Event: 58.413 Thread 0x000001b4f609eb60 flushing  nmethod 0x000001b480964190
Event: 58.413 Thread 0x000001b4f609eb60 flushing  nmethod 0x000001b480970d90
Event: 58.413 Thread 0x000001b4f609eb60 flushing  nmethod 0x000001b480975b10
Event: 58.413 Thread 0x000001b4f609eb60 flushing  nmethod 0x000001b480993f10
Event: 58.413 Thread 0x000001b4f609eb60 flushing  nmethod 0x000001b4809a8410
Event: 58.413 Thread 0x000001b4f609eb60 flushing  nmethod 0x000001b4809ab810
Event: 58.413 Thread 0x000001b4f609eb60 flushing  nmethod 0x000001b4809abe10
Event: 58.413 Thread 0x000001b4f609eb60 flushing  nmethod 0x000001b4809b2a90
Event: 58.413 Thread 0x000001b4f609eb60 flushing  nmethod 0x000001b4809c1b10
Event: 58.413 Thread 0x000001b4f609eb60 flushing  nmethod 0x000001b4809d2290
Event: 58.413 Thread 0x000001b4f609eb60 flushing  nmethod 0x000001b4809d6490
Event: 58.413 Thread 0x000001b4f609eb60 flushing  nmethod 0x000001b4809d6990
Event: 58.413 Thread 0x000001b4f609eb60 flushing  nmethod 0x000001b4809d6f10

Events (20 events):
Event: 82.873 Thread 0x000001b4d4a375c0 Thread added: 0x000001b4d5c2c730
Event: 82.951 Thread 0x000001b4d4a375c0 Thread added: 0x000001b4d5c26b50
Event: 82.952 Thread 0x000001b4d4a375c0 Thread added: 0x000001b4d5c27f00
Event: 83.040 Thread 0x000001b4d5c2c730 Thread exited: 0x000001b4d5c2c730
Event: 83.212 Thread 0x000001b4d4a375c0 Thread added: 0x000001b4d5c2acf0
Event: 83.335 Thread 0x000001b4d5c26b50 Thread exited: 0x000001b4d5c26b50
Event: 83.621 Thread 0x000001b4d5c2acf0 Thread added: 0x000001b4d5c28590
Event: 83.622 Thread 0x000001b4d5c2acf0 Thread exited: 0x000001b4d5c2acf0
Event: 83.728 Thread 0x000001b4d5c27f00 Thread exited: 0x000001b4d5c27f00
Event: 83.739 Thread 0x000001b4d5c28590 Thread added: 0x000001b4d5c2cdc0
Event: 83.741 Thread 0x000001b4d4a375c0 Thread added: 0x000001b4d5c292b0
Event: 84.037 Thread 0x000001b4d5c292b0 Thread exited: 0x000001b4d5c292b0
Event: 84.628 Thread 0x000001b4d5c2cdc0 Thread added: 0x000001b4d5c28c20
Event: 84.643 Thread 0x000001b4d5c2cdc0 Thread added: 0x000001b4d5c2d450
Event: 84.828 Thread 0x000001b4d4a375c0 Thread added: 0x000001b4d5c26b50
Event: 84.851 Thread 0x000001b4d5c26b50 Thread exited: 0x000001b4d5c26b50
Event: 84.914 Thread 0x000001b4d5c2cdc0 Thread added: 0x000001b4d5c2b380
Event: 84.993 Thread 0x000001b4d5c2b380 Thread added: 0x000001b4d5c2acf0
Event: 88.651 Thread 0x000001b4d4a38970 Thread exited: 0x000001b4d4a38970
Event: 91.932 Thread 0x000001b4d4a375c0 Thread added: 0x000001b4d5c2ba10


Dynamic libraries:
0x00007ff783f30000 - 0x00007ff783f3e000 	c:\Users\Darnelle\.vscode\extensions\redhat.java-1.41.1-win32-x64\jre\21.0.6-win32-x86_64\bin\java.exe
0x00007ff9cd860000 - 0x00007ff9cda69000 	C:\WINDOWS\SYSTEM32\ntdll.dll
0x00007ff9cb710000 - 0x00007ff9cb7cd000 	C:\WINDOWS\System32\KERNEL32.DLL
0x00007ff9cae40000 - 0x00007ff9cb1c4000 	C:\WINDOWS\System32\KERNELBASE.dll
0x00007ff9cacf0000 - 0x00007ff9cae01000 	C:\WINDOWS\System32\ucrtbase.dll
0x00007ff9c6850000 - 0x00007ff9c6868000 	c:\Users\Darnelle\.vscode\extensions\redhat.java-1.41.1-win32-x64\jre\21.0.6-win32-x86_64\bin\jli.dll
0x00007ff9cc040000 - 0x00007ff9cc1ed000 	C:\WINDOWS\System32\USER32.dll
0x00007ff9cae10000 - 0x00007ff9cae36000 	C:\WINDOWS\System32\win32u.dll
0x00007ff9cd7f0000 - 0x00007ff9cd81a000 	C:\WINDOWS\System32\GDI32.dll
0x00007ff9cb340000 - 0x00007ff9cb45e000 	C:\WINDOWS\System32\gdi32full.dll
0x00007ff9cb4d0000 - 0x00007ff9cb56d000 	C:\WINDOWS\System32\msvcp_win.dll
0x00007ff9c6830000 - 0x00007ff9c684e000 	c:\Users\Darnelle\.vscode\extensions\redhat.java-1.41.1-win32-x64\jre\21.0.6-win32-x86_64\bin\VCRUNTIME140.dll
0x00007ff9b8ef0000 - 0x00007ff9b9195000 	C:\WINDOWS\WinSxS\amd64_microsoft.windows.common-controls_6595b64144ccf1df_6.0.22000.120_none_9d947278b86cc467\COMCTL32.dll
0x00007ff9cbf80000 - 0x00007ff9cc023000 	C:\WINDOWS\System32\msvcrt.dll
0x00007ff9cbea0000 - 0x00007ff9cbed1000 	C:\WINDOWS\System32\IMM32.DLL
0x00007ff9c6820000 - 0x00007ff9c682c000 	c:\Users\Darnelle\.vscode\extensions\redhat.java-1.41.1-win32-x64\jre\21.0.6-win32-x86_64\bin\vcruntime140_1.dll
0x00007ff9c6790000 - 0x00007ff9c681d000 	c:\Users\Darnelle\.vscode\extensions\redhat.java-1.41.1-win32-x64\jre\21.0.6-win32-x86_64\bin\msvcp140.dll
0x00007ff94eee0000 - 0x00007ff94fc70000 	c:\Users\Darnelle\.vscode\extensions\redhat.java-1.41.1-win32-x64\jre\21.0.6-win32-x86_64\bin\server\jvm.dll
0x00007ff9cc5c0000 - 0x00007ff9cc66e000 	C:\WINDOWS\System32\ADVAPI32.dll
0x00007ff9cbee0000 - 0x00007ff9cbf7e000 	C:\WINDOWS\System32\sechost.dll
0x00007ff9cb850000 - 0x00007ff9cb971000 	C:\WINDOWS\System32\RPCRT4.dll
0x00007ff9cc690000 - 0x00007ff9cc6ff000 	C:\WINDOWS\System32\WS2_32.dll
0x00007ff9cabc0000 - 0x00007ff9cac0d000 	C:\WINDOWS\SYSTEM32\POWRPROF.dll
0x00007ff9c3380000 - 0x00007ff9c33b3000 	C:\WINDOWS\SYSTEM32\WINMM.dll
0x00007ff9c2ed0000 - 0x00007ff9c2eda000 	C:\WINDOWS\SYSTEM32\VERSION.dll
0x00007ff9caaf0000 - 0x00007ff9cab03000 	C:\WINDOWS\SYSTEM32\UMPDC.dll
0x00007ff9c9d20000 - 0x00007ff9c9d38000 	C:\WINDOWS\SYSTEM32\kernel.appcore.dll
0x00007ff9c6780000 - 0x00007ff9c678a000 	c:\Users\Darnelle\.vscode\extensions\redhat.java-1.41.1-win32-x64\jre\21.0.6-win32-x86_64\bin\jimage.dll
0x00007ff9c88e0000 - 0x00007ff9c8b01000 	C:\WINDOWS\SYSTEM32\DBGHELP.DLL
0x00007ff9b4bc0000 - 0x00007ff9b4bf1000 	C:\WINDOWS\SYSTEM32\dbgcore.DLL
0x00007ff9cb570000 - 0x00007ff9cb5ef000 	C:\WINDOWS\System32\bcryptPrimitives.dll
0x00007ff9c6770000 - 0x00007ff9c677f000 	c:\Users\Darnelle\.vscode\extensions\redhat.java-1.41.1-win32-x64\jre\21.0.6-win32-x86_64\bin\instrument.dll
0x00007ff9c6750000 - 0x00007ff9c676f000 	c:\Users\Darnelle\.vscode\extensions\redhat.java-1.41.1-win32-x64\jre\21.0.6-win32-x86_64\bin\java.dll
0x00007ff9ccca0000 - 0x00007ff9cd465000 	C:\WINDOWS\System32\SHELL32.dll
0x00007ff9c8d80000 - 0x00007ff9c95e2000 	C:\WINDOWS\SYSTEM32\windows.storage.dll
0x00007ff9cd470000 - 0x00007ff9cd7e6000 	C:\WINDOWS\System32\combase.dll
0x00007ff9c8c10000 - 0x00007ff9c8d77000 	C:\WINDOWS\SYSTEM32\wintypes.dll
0x00007ff9cc990000 - 0x00007ff9cca7a000 	C:\WINDOWS\System32\SHCORE.dll
0x00007ff9cb7f0000 - 0x00007ff9cb84d000 	C:\WINDOWS\System32\shlwapi.dll
0x00007ff9cac20000 - 0x00007ff9cac45000 	C:\WINDOWS\SYSTEM32\profapi.dll
0x00007ff9c6730000 - 0x00007ff9c6748000 	c:\Users\Darnelle\.vscode\extensions\redhat.java-1.41.1-win32-x64\jre\21.0.6-win32-x86_64\bin\zip.dll
0x00007ff9c6720000 - 0x00007ff9c6730000 	C:\Users\Darnelle\.vscode\extensions\redhat.java-1.41.1-win32-x64\jre\21.0.6-win32-x86_64\bin\net.dll
0x00007ff9c3e60000 - 0x00007ff9c3f74000 	C:\WINDOWS\SYSTEM32\WINHTTP.dll
0x00007ff9ca1c0000 - 0x00007ff9ca227000 	C:\WINDOWS\system32\mswsock.dll
0x00007ff9c4d20000 - 0x00007ff9c4d36000 	C:\Users\Darnelle\.vscode\extensions\redhat.java-1.41.1-win32-x64\jre\21.0.6-win32-x86_64\bin\nio.dll
0x00007ff9c4d10000 - 0x00007ff9c4d20000 	c:\Users\Darnelle\.vscode\extensions\redhat.java-1.41.1-win32-x64\jre\21.0.6-win32-x86_64\bin\verify.dll
0x00007ff9a5d30000 - 0x00007ff9a5d75000 	C:\Users\Darnelle\AppData\Roaming\Code\User\globalStorage\redhat.java\1.41.1\config_win\org.eclipse.equinox.launcher\org.eclipse.equinox.launcher.win32.win32.x86_64_1.2.1300.v20250331-1702\eclipse_11911.dll
0x00007ff9cc420000 - 0x00007ff9cc5ba000 	C:\WINDOWS\System32\ole32.dll
0x00007ff9ca490000 - 0x00007ff9ca4a8000 	C:\WINDOWS\SYSTEM32\CRYPTSP.dll
0x00007ff9c9c80000 - 0x00007ff9c9cb5000 	C:\WINDOWS\system32\rsaenh.dll
0x00007ff9ca260000 - 0x00007ff9ca28c000 	C:\WINDOWS\SYSTEM32\USERENV.dll
0x00007ff9ca5d0000 - 0x00007ff9ca5f7000 	C:\WINDOWS\SYSTEM32\bcrypt.dll
0x00007ff9ca3b0000 - 0x00007ff9ca3bc000 	C:\WINDOWS\SYSTEM32\CRYPTBASE.dll
0x00007ff9c9880000 - 0x00007ff9c98ad000 	C:\WINDOWS\SYSTEM32\IPHLPAPI.DLL
0x00007ff9cc030000 - 0x00007ff9cc039000 	C:\WINDOWS\System32\NSI.dll
0x00007ff9a7270000 - 0x00007ff9a72b9000 	C:\Users\Darnelle\AppData\Local\Temp\jna-1808956281\jna2538949799373394585.dll
0x00007ff9ccb00000 - 0x00007ff9ccb08000 	C:\WINDOWS\System32\PSAPI.DLL
0x00007ff9c35b0000 - 0x00007ff9c35c9000 	C:\WINDOWS\SYSTEM32\dhcpcsvc6.DLL
0x00007ff9c4b40000 - 0x00007ff9c4b5e000 	C:\WINDOWS\SYSTEM32\dhcpcsvc.DLL
0x00007ff9c33f0000 - 0x00007ff9c33f9000 	C:\Users\Darnelle\.vscode\extensions\redhat.java-1.41.1-win32-x64\jre\21.0.6-win32-x86_64\bin\extnet.dll

dbghelp: loaded successfully - version: 4.0.5 - missing functions: none
symbol engine: initialized successfully - sym options: 0x614 - pdb path: .;c:\Users\Darnelle\.vscode\extensions\redhat.java-1.41.1-win32-x64\jre\21.0.6-win32-x86_64\bin;C:\WINDOWS\SYSTEM32;C:\WINDOWS\WinSxS\amd64_microsoft.windows.common-controls_6595b64144ccf1df_6.0.22000.120_none_9d947278b86cc467;c:\Users\Darnelle\.vscode\extensions\redhat.java-1.41.1-win32-x64\jre\21.0.6-win32-x86_64\bin\server;C:\Users\Darnelle\AppData\Roaming\Code\User\globalStorage\redhat.java\1.41.1\config_win\org.eclipse.equinox.launcher\org.eclipse.equinox.launcher.win32.win32.x86_64_1.2.1300.v20250331-1702;C:\Users\Darnelle\AppData\Local\Temp\jna-1808956281

VM Arguments:
jvm_args: --add-modules=ALL-SYSTEM --add-opens=java.base/java.util=ALL-UNNAMED --add-opens=java.base/java.lang=ALL-UNNAMED --add-opens=java.base/sun.nio.fs=ALL-UNNAMED -Declipse.application=org.eclipse.jdt.ls.core.id1 -Dosgi.bundles.defaultStartLevel=4 -Declipse.product=org.eclipse.jdt.ls.core.product -Djava.import.generatesMetadataFilesAtProjectRoot=false -DDetectVMInstallationsJob.disabled=true -Dfile.encoding=utf8 -XX:+UseParallelGC -XX:GCTimeRatio=4 -XX:AdaptiveSizePolicyWeight=90 -Dsun.zip.disableMemoryMapping=true -Xmx1G -Xms100m -Xlog:disable -javaagent:c:\Users\Darnelle\.vscode\extensions\redhat.java-1.41.1-win32-x64\lombok\lombok-1.18.36.jar -XX:+HeapDumpOnOutOfMemoryError -XX:HeapDumpPath=c:\Users\Darnelle\AppData\Roaming\Code\User\workspaceStorage\81b9ab7934102c23ad3c2cfd07f69688\redhat.java -Daether.dependencyCollector.impl=bf 
java_command: c:\Users\Darnelle\.vscode\extensions\redhat.java-1.41.1-win32-x64\server\plugins\org.eclipse.equinox.launcher_1.7.0.v20250331-1702.jar -configuration c:\Users\Darnelle\AppData\Roaming\Code\User\globalStorage\redhat.java\1.41.1\config_win -data c:\Users\Darnelle\AppData\Roaming\Code\User\workspaceStorage\81b9ab7934102c23ad3c2cfd07f69688\redhat.java\jdt_ws --pipe=\\.\pipe\lsp-721d3f7174d73881798004fe15cda1d5-sock
java_class_path (initial): c:\Users\Darnelle\.vscode\extensions\redhat.java-1.41.1-win32-x64\server\plugins\org.eclipse.equinox.launcher_1.7.0.v20250331-1702.jar
Launcher Type: SUN_STANDARD

[Global flags]
    uintx AdaptiveSizePolicyWeight                 = 90                                        {product} {command line}
     intx CICompilerCount                          = 2                                         {product} {ergonomic}
    uintx GCTimeRatio                              = 4                                         {product} {command line}
     bool HeapDumpOnOutOfMemoryError               = true                                   {manageable} {command line}
    ccstr HeapDumpPath                             = c:\Users\Darnelle\AppData\Roaming\Code\User\workspaceStorage\81b9ab7934102c23ad3c2cfd07f69688\redhat.java         {manageable} {command line}
   size_t InitialHeapSize                          = 104857600                                 {product} {command line}
   size_t MaxHeapSize                              = 1073741824                                {product} {command line}
   size_t MaxNewSize                               = 357564416                                 {product} {ergonomic}
   size_t MinHeapDeltaBytes                        = 524288                                    {product} {ergonomic}
   size_t MinHeapSize                              = 104857600                                 {product} {command line}
   size_t NewSize                                  = 34603008                                  {product} {ergonomic}
    uintx NonNMethodCodeHeapSize                   = 5826188                                {pd product} {ergonomic}
    uintx NonProfiledCodeHeapSize                  = 122916026                              {pd product} {ergonomic}
   size_t OldSize                                  = 70254592                                  {product} {ergonomic}
    uintx ProfiledCodeHeapSize                     = 122916026                              {pd product} {ergonomic}
    uintx ReservedCodeCacheSize                    = 251658240                              {pd product} {ergonomic}
     bool SegmentedCodeCache                       = true                                      {product} {ergonomic}
   size_t SoftMaxHeapSize                          = 1073741824                             {manageable} {ergonomic}
     bool UseCompressedOops                        = true                           {product lp64_product} {ergonomic}
     bool UseLargePagesIndividualAllocation        = false                                  {pd product} {ergonomic}
     bool UseParallelGC                            = true                                      {product} {command line}

Logging:
Log output configuration:
 #0: stdout all=off uptime,level,tags foldmultilines=false
 #1: stderr all=off uptime,level,tags foldmultilines=false

Environment Variables:
PATH=C:\Program Files\Common Files\Oracle\Java\javapath;C:\WINDOWS\system32;C:\WINDOWS;C:\WINDOWS\System32\Wbem;C:\WINDOWS\System32\WindowsPowerShell\v1.0\;C:\WINDOWS\System32\OpenSSH\;C:\Program Files\Git\cmd;C:\Users\Darnelle\AppData\Local\Microsoft\WindowsApps;C:\Users\Darnelle\AppData\Local\Programs\Microsoft VS Code\bin;C:\Users\Darnelle\AppData\Local\JetBrains\Toolbox\scripts;
USERNAME=Darnelle
OS=Windows_NT
PROCESSOR_IDENTIFIER=Intel64 Family 6 Model 122 Stepping 8, GenuineIntel
TMP=C:\Users\Darnelle\AppData\Local\Temp
TEMP=C:\Users\Darnelle\AppData\Local\Temp




Periodic native trim disabled

---------------  S Y S T E M  ---------------

OS:
 Windows 11 , 64 bit Build 22000 (10.0.22000.2538)
OS uptime: 0 days 0:12 hours
Hyper-V role detected

CPU: total 2 (initial active 2) (2 cores per cpu, 1 threads per core) family 6 model 122 stepping 8 microcode 0x18, cx8, cmov, fxsr, mmx, 3dnowpref, sse, sse2, sse3, ssse3, sse4.1, sse4.2, popcnt, tsc, tscinvbit, aes, erms, clmul, sha, clflush, clflushopt, hv, rdtscp, rdpid
Processor Information for the first 2 processors :
  Max Mhz: 1101, Current Mhz: 1101, Mhz Limit: 1101

Memory: 4k page, system-wide physical 3916M (172M free)
TotalPageFile size 6449M (AvailPageFile size 2M)
current process WorkingSet (physical memory assigned to process): 740M, peak: 756M
current process commit charge ("private bytes"): 632M, peak: 649M

vm_info: OpenJDK 64-Bit Server VM (21.0.6+7-LTS) for windows-amd64 JRE (21.0.6+7-LTS), built on 2025-01-21T00:00:00Z by "admin" with MS VC++ 17.7 (VS2022)

END.
