#
# There is insufficient memory for the Java Runtime Environment to continue.
# Native memory allocation (malloc) failed to allocate 227760 bytes. Error detail: Chunk::new
# Possible reasons:
#   The system is out of physical RAM or swap space
#   This process is running with CompressedOops enabled, and the Java Heap may be blocking the growth of the native heap
# Possible solutions:
#   Reduce memory load on the system
#   Increase physical memory or swap space
#   Check if swap backing store is full
#   Decrease Java heap size (-Xmx/-Xms)
#   Decrease number of Java threads
#   Decrease Java thread stack sizes (-Xss)
#   Set larger code cache with -XX:ReservedCodeCacheSize=
#   JVM is running with Unscaled Compressed Oops mode in which the Java heap is
#     placed in the first 4GB address space. The Java Heap base address is the
#     maximum limit for the native heap growth. Please use -XX:HeapBaseMinAddress
#     to set the Java Heap base and to place the Java Heap above 4GB virtual address.
# This output file may be truncated or incomplete.
#
#  Out of Memory Error (arena.cpp:168), pid=11916, tid=13512
#
# JRE version: OpenJDK Runtime Environment Temurin-21.0.6+7 (21.0.6+7) (build 21.0.6+7-LTS)
# Java VM: OpenJDK 64-Bit Server VM Temurin-21.0.6+7 (21.0.6+7-LTS, mixed mode, sharing, tiered, compressed oops, compressed class ptrs, parallel gc, windows-amd64)
# No core dump will be written. Minidumps are not enabled by default on client versions of Windows
#

---------------  S U M M A R Y ------------

Command Line: --add-modules=ALL-SYSTEM --add-opens=java.base/java.util=ALL-UNNAMED --add-opens=java.base/java.lang=ALL-UNNAMED --add-opens=java.base/sun.nio.fs=ALL-UNNAMED -Declipse.application=org.eclipse.jdt.ls.core.id1 -Dosgi.bundles.defaultStartLevel=4 -Declipse.product=org.eclipse.jdt.ls.core.product -Djava.import.generatesMetadataFilesAtProjectRoot=false -DDetectVMInstallationsJob.disabled=true -Dfile.encoding=utf8 -XX:+UseParallelGC -XX:GCTimeRatio=4 -XX:AdaptiveSizePolicyWeight=90 -Dsun.zip.disableMemoryMapping=true -Xmx1G -Xms100m -Xlog:disable -javaagent:c:\Users\Darnelle\.vscode\extensions\redhat.java-1.41.1-win32-x64\lombok\lombok-1.18.36.jar -XX:+HeapDumpOnOutOfMemoryError -XX:HeapDumpPath=c:\Users\Darnelle\AppData\Roaming\Code\User\workspaceStorage\81b9ab7934102c23ad3c2cfd07f69688\redhat.java -Daether.dependencyCollector.impl=bf c:\Users\Darnelle\.vscode\extensions\redhat.java-1.41.1-win32-x64\server\plugins\org.eclipse.equinox.launcher_1.7.0.v20250331-1702.jar -configuration c:\Users\Darnelle\AppData\Roaming\Code\User\globalStorage\redhat.java\1.41.1\config_win -data c:\Users\Darnelle\AppData\Roaming\Code\User\workspaceStorage\81b9ab7934102c23ad3c2cfd07f69688\redhat.java\jdt_ws --pipe=\\.\pipe\lsp-5469605f5c7ffef0ced7140d3651d778-sock

Host: Intel(R) Celeron(R) N4020 CPU @ 1.10GHz, 2 cores, 3G,  Windows 11 , 64 bit Build 22000 (10.0.22000.2538)
Time: Sun May 18 19:28:58 2025 South Africa Standard Time elapsed time: 94.606610 seconds (0d 0h 1m 34s)

---------------  T H R E A D  ---------------

Current thread (0x000001fdef15fd50):  JavaThread "C2 CompilerThread0" daemon [_thread_in_native, id=13512, stack(0x000000095a100000,0x000000095a200000) (1024K)]


Current CompileTask:
C2:94606 9180 % !   4       java.util.jar.Attributes::read @ 214 (494 bytes)

Stack: [0x000000095a100000,0x000000095a200000]
Native frames: (J=compiled Java code, j=interpreted, Vv=VM code, C=native code)
V  [jvm.dll+0x6cdee9]
V  [jvm.dll+0x8a83d1]
V  [jvm.dll+0x8aa8fe]
V  [jvm.dll+0x8aafe3]
V  [jvm.dll+0x27f706]
V  [jvm.dll+0xc500d]
V  [jvm.dll+0xc5543]
V  [jvm.dll+0x3b678c]
V  [jvm.dll+0x1dfa8b]
V  [jvm.dll+0x247b42]
V  [jvm.dll+0x246fcf]
V  [jvm.dll+0x1c75ee]
V  [jvm.dll+0x25685a]
V  [jvm.dll+0x254dfa]
V  [jvm.dll+0x3f0256]
V  [jvm.dll+0x851f8b]
V  [jvm.dll+0x6cc5ed]
C  [ucrtbase.dll+0x26c0c]
C  [KERNEL32.DLL+0x153e0]
C  [ntdll.dll+0x485b]


---------------  P R O C E S S  ---------------

Threads class SMR info:
_java_thread_list=0x000001fdf92cc3e0, length=42, elements={
0x000001fddae6b780, 0x000001fdef1561e0, 0x000001fdef157a70, 0x000001fdef158be0,
0x000001fdef15b900, 0x000001fdef15e4d0, 0x000001fdef15ef20, 0x000001fdef15fd50,
0x000001fdef1d0d90, 0x000001fdef231e10, 0x000001fdefaf0be0, 0x000001fdef91f420,
0x000001fdf41857b0, 0x000001fdef194cb0, 0x000001fdef1956e0, 0x000001fdf43760d0,
0x000001fdf48240d0, 0x000001fdef266140, 0x000001fdef2667d0, 0x000001fdef2674f0,
0x000001fdef265420, 0x000001fdef268210, 0x000001fdef265ab0, 0x000001fdef2688a0,
0x000001fdef266e60, 0x000001fdf572b2e0, 0x000001fdf572e0d0, 0x000001fdf5730830,
0x000001fdf572e760, 0x000001fdf572edf0, 0x000001fdf572f480, 0x000001fdf572fb10,
0x000001fdf57301a0, 0x000001fdf572cd20, 0x000001fdf5730ec0, 0x000001fdf572da40,
0x000001fdf5729f30, 0x000001fdf572a5c0, 0x000001fdf4622700, 0x000001fdf461ded0,
0x000001fdf4623420, 0x000001fdf461f280
}
_to_delete_list=0x000001fdf6111300, length=47, elements={
0x000001fddae6b780, 0x000001fdef1561e0, 0x000001fdef157a70, 0x000001fdef158be0,
0x000001fdef15b900, 0x000001fdef15e4d0, 0x000001fdef15ef20, 0x000001fdef15fd50,
0x000001fdef1d0d90, 0x000001fdef231e10, 0x000001fdefaf0be0, 0x000001fdef91f420,
0x000001fdf41857b0, 0x000001fdef194cb0, 0x000001fdef1956e0, 0x000001fdf43760d0,
0x000001fdf48240d0, 0x000001fdef266140, 0x000001fdef2667d0, 0x000001fdef2674f0,
0x000001fdef265420, 0x000001fdef268210, 0x000001fdef265ab0, 0x000001fdef2688a0,
0x000001fdef266e60, 0x000001fdf572b2e0, 0x000001fdf572e0d0, 0x000001fdf5730830,
0x000001fdf572e760, 0x000001fdf572edf0, 0x000001fdf572f480, 0x000001fdf572fb10,
0x000001fdf57301a0, 0x000001fdf572cd20, 0x000001fdf5730ec0, 0x000001fdf572da40,
0x000001fdf5729f30, 0x000001fdf572a5c0, 0x000001fdf4622700, 0x000001fdf461ded0,
0x000001fdf4623420, 0x000001fdf4622070, 0x000001fdf461d840, 0x000001fdf4620630,
0x000001fdf461ffa0, 0x000001fdf461d1b0, 0x000001fdf461f280
}

Java Threads: ( => current thread )
  0x000001fddae6b780 JavaThread "main"                              [_thread_blocked, id=1636, stack(0x0000000959700000,0x0000000959800000) (1024K)]
  0x000001fdef1561e0 JavaThread "Reference Handler"          daemon [_thread_blocked, id=5416, stack(0x0000000959b00000,0x0000000959c00000) (1024K)]
  0x000001fdef157a70 JavaThread "Finalizer"                  daemon [_thread_blocked, id=6044, stack(0x0000000959c00000,0x0000000959d00000) (1024K)]
  0x000001fdef158be0 JavaThread "Signal Dispatcher"          daemon [_thread_blocked, id=9288, stack(0x0000000959d00000,0x0000000959e00000) (1024K)]
  0x000001fdef15b900 JavaThread "Attach Listener"            daemon [_thread_blocked, id=14300, stack(0x0000000959e00000,0x0000000959f00000) (1024K)]
  0x000001fdef15e4d0 JavaThread "Service Thread"             daemon [_thread_blocked, id=5016, stack(0x0000000959f00000,0x000000095a000000) (1024K)]
  0x000001fdef15ef20 JavaThread "Monitor Deflation Thread"   daemon [_thread_blocked, id=8612, stack(0x000000095a000000,0x000000095a100000) (1024K)]
=>0x000001fdef15fd50 JavaThread "C2 CompilerThread0"         daemon [_thread_in_native, id=13512, stack(0x000000095a100000,0x000000095a200000) (1024K)]
  0x000001fdef1d0d90 JavaThread "C1 CompilerThread0"         daemon [_thread_blocked, id=2232, stack(0x000000095a200000,0x000000095a300000) (1024K)]
  0x000001fdef231e10 JavaThread "Common-Cleaner"             daemon [_thread_blocked, id=10076, stack(0x000000095a300000,0x000000095a400000) (1024K)]
  0x000001fdefaf0be0 JavaThread "Notification Thread"        daemon [_thread_blocked, id=11808, stack(0x000000095a400000,0x000000095a500000) (1024K)]
  0x000001fdef91f420 JavaThread "Active Thread: Equinox Container: f1561a3b-0da1-4850-afa6-e4fc1ac689f7"        [_thread_blocked, id=5832, stack(0x000000095a600000,0x000000095a700000) (1024K)]
  0x000001fdf41857b0 JavaThread "Refresh Thread: Equinox Container: f1561a3b-0da1-4850-afa6-e4fc1ac689f7" daemon [_thread_blocked, id=14104, stack(0x000000095a700000,0x000000095a800000) (1024K)]
  0x000001fdef194cb0 JavaThread "Framework Event Dispatcher: Equinox Container: f1561a3b-0da1-4850-afa6-e4fc1ac689f7" daemon [_thread_blocked, id=12560, stack(0x000000095a800000,0x000000095a900000) (1024K)]
  0x000001fdef1956e0 JavaThread "Start Level: Equinox Container: f1561a3b-0da1-4850-afa6-e4fc1ac689f7" daemon [_thread_blocked, id=5628, stack(0x000000095a900000,0x000000095aa00000) (1024K)]
  0x000001fdf43760d0 JavaThread "Bundle File Closer"         daemon [_thread_blocked, id=6196, stack(0x000000095aa00000,0x000000095ab00000) (1024K)]
  0x000001fdf48240d0 JavaThread "SCR Component Actor"        daemon [_thread_blocked, id=1556, stack(0x000000095ab00000,0x000000095ac00000) (1024K)]
  0x000001fdef266140 JavaThread "Worker-JM"                         [_thread_blocked, id=7064, stack(0x000000095ad00000,0x000000095ae00000) (1024K)]
  0x000001fdef2667d0 JavaThread "JNA Cleaner"                daemon [_thread_blocked, id=10656, stack(0x000000095ae00000,0x000000095af00000) (1024K)]
  0x000001fdef2674f0 JavaThread "Worker-0: Initialize workspace"        [_thread_blocked, id=788, stack(0x000000095af00000,0x000000095b000000) (1024K)]
  0x000001fdef265420 JavaThread "Worker-1"                          [_thread_blocked, id=11928, stack(0x000000095b000000,0x000000095b100000) (1024K)]
  0x000001fdef268210 JavaThread "Worker-2: Building"                [_thread_in_native, id=13924, stack(0x000000095b100000,0x000000095b200000) (1024K)]
  0x000001fdef265ab0 JavaThread "Java indexing"              daemon [_thread_blocked, id=12148, stack(0x000000095ac00000,0x000000095ad00000) (1024K)]
  0x000001fdef2688a0 JavaThread "Worker-3"                          [_thread_blocked, id=7364, stack(0x000000095b400000,0x000000095b500000) (1024K)]
  0x000001fdef266e60 JavaThread "Worker-4"                          [_thread_blocked, id=8744, stack(0x000000095b500000,0x000000095b600000) (1024K)]
  0x000001fdf572b2e0 JavaThread "Thread-2"                   daemon [_thread_in_native, id=1876, stack(0x000000095b600000,0x000000095b700000) (1024K)]
  0x000001fdf572e0d0 JavaThread "Thread-3"                   daemon [_thread_in_native, id=10236, stack(0x000000095b700000,0x000000095b800000) (1024K)]
  0x000001fdf5730830 JavaThread "Thread-4"                   daemon [_thread_in_native, id=6216, stack(0x000000095b800000,0x000000095b900000) (1024K)]
  0x000001fdf572e760 JavaThread "pool-2-thread-1"                   [_thread_blocked, id=13812, stack(0x000000095b900000,0x000000095ba00000) (1024K)]
  0x000001fdf572edf0 JavaThread "WorkspaceEventsHandler"            [_thread_blocked, id=8664, stack(0x000000095ba00000,0x000000095bb00000) (1024K)]
  0x000001fdf572f480 JavaThread "pool-1-thread-1"                   [_thread_blocked, id=12880, stack(0x000000095bb00000,0x000000095bc00000) (1024K)]
  0x000001fdf572fb10 JavaThread "LocalFile Deleter"          daemon [_thread_blocked, id=3296, stack(0x000000095bc00000,0x000000095bd00000) (1024K)]
  0x000001fdf57301a0 JavaThread "LocalFile Deleter"          daemon [_thread_blocked, id=14128, stack(0x000000095bd00000,0x000000095be00000) (1024K)]
  0x000001fdf572cd20 JavaThread "Compiler Processing Task"   daemon [_thread_blocked, id=8952, stack(0x000000095be00000,0x000000095bf00000) (1024K)]
  0x000001fdf5730ec0 JavaThread "Compiler Class File Writer" daemon [_thread_blocked, id=13424, stack(0x000000095bf00000,0x000000095c000000) (1024K)]
  0x000001fdf572da40 JavaThread "Thread-10"                         [_thread_in_native, id=8544, stack(0x000000095c000000,0x000000095c100000) (1024K)]
  0x000001fdf5729f30 JavaThread "Thread-11"                         [_thread_blocked, id=11656, stack(0x000000095c100000,0x000000095c200000) (1024K)]
  0x000001fdf572a5c0 JavaThread "Thread-12"                         [_thread_blocked, id=248, stack(0x000000095c200000,0x000000095c300000) (1024K)]
  0x000001fdf4622700 JavaThread "Thread-22"                         [_thread_blocked, id=13332, stack(0x000000095c900000,0x000000095ca00000) (1024K)]
  0x000001fdf461ded0 JavaThread "Thread-23"                         [_thread_blocked, id=14296, stack(0x0000000959600000,0x0000000959700000) (1024K)]
  0x000001fdf4623420 JavaThread "Thread-25"                         [_thread_in_native, id=13180, stack(0x000000095c300000,0x000000095c400000) (1024K)]
  0x000001fdf461f280 JavaThread "ForkJoinPool.commonPool-worker-1" daemon [_thread_blocked, id=11340, stack(0x000000095ca00000,0x000000095cb00000) (1024K)]
Total: 42

Other Threads:
  0x000001fdef139230 VMThread "VM Thread"                           [id=9788, stack(0x0000000959a00000,0x0000000959b00000) (1024K)]
  0x000001fdef0f1ae0 WatcherThread "VM Periodic Task Thread"        [id=5268, stack(0x0000000959900000,0x0000000959a00000) (1024K)]
  0x000001fddae8a990 WorkerThread "GC Thread#0"                     [id=1692, stack(0x0000000959800000,0x0000000959900000) (1024K)]
  0x000001fdefc62f60 WorkerThread "GC Thread#1"                     [id=13972, stack(0x000000095a500000,0x000000095a600000) (1024K)]
Total: 4

Threads with active compile tasks:
C2 CompilerThread0  94675 9180 % !   4       java.util.jar.Attributes::read @ 214 (494 bytes)
Total: 1

VM state: not at safepoint (normal execution)

VM Mutex/Monitor currently owned by a thread: None

Heap address: 0x00000000c0000000, size: 1024 MB, Compressed Oops mode: 32-bit

CDS archive(s) mapped at: [0x000001fd80000000-0x000001fd80ba0000-0x000001fd80ba0000), size 12189696, SharedBaseAddress: 0x000001fd80000000, ArchiveRelocationMode: 1.
Compressed class space mapped at: 0x000001fd81000000-0x000001fdc1000000, reserved size: 1073741824
Narrow klass base: 0x000001fd80000000, Narrow klass shift: 0, Narrow klass range: 0x100000000

GC Precious Log:
 CardTable entry size: 512
 CPUs: 2 total, 2 available
 Memory: 3916M
 Large Page Support: Disabled
 NUMA Support: Disabled
 Compressed Oops: Enabled (32-bit)
 Alignments: Space 512K, Generation 512K, Heap 2M
 Heap Min Capacity: 100M
 Heap Initial Capacity: 100M
 Heap Max Capacity: 1G
 Pre-touch: Disabled
 Parallel Workers: 2

Heap:
 PSYoungGen      total 4096K, used 3077K [0x00000000eab00000, 0x00000000eb100000, 0x0000000100000000)
  eden space 3584K, 84% used [0x00000000eab00000,0x00000000eadf17d8,0x00000000eae80000)
  from space 512K, 12% used [0x00000000eb080000,0x00000000eb090000,0x00000000eb100000)
  to   space 512K, 0% used [0x00000000eb000000,0x00000000eb000000,0x00000000eb080000)
 ParOldGen       total 409600K, used 193752K [0x00000000c0000000, 0x00000000d9000000, 0x00000000eab00000)
  object space 409600K, 47% used [0x00000000c0000000,0x00000000cbd36320,0x00000000d9000000)
 Metaspace       used 62672K, committed 64192K, reserved 1114112K
  class space    used 6550K, committed 7168K, reserved 1048576K

Card table byte_map: [0x000001fdda850000,0x000001fddaa60000] _byte_map_base: 0x000001fdda250000

Marking Bits: (ParMarkBitMap*) 0x00007ffaf5483260
 Begin Bits: [0x000001fded070000, 0x000001fdee070000)
 End Bits:   [0x000001fdee070000, 0x000001fdef070000)

Polling page: 0x000001fdda640000

Metaspace:

Usage:
  Non-class:     54.81 MB used.
      Class:      6.40 MB used.
       Both:     61.20 MB used.

Virtual space:
  Non-class space:       64.00 MB reserved,      55.69 MB ( 87%) committed,  1 nodes.
      Class space:        1.00 GB reserved,       7.00 MB ( <1%) committed,  1 nodes.
             Both:        1.06 GB reserved,      62.69 MB (  6%) committed. 

Chunk freelists:
   Non-Class:  8.30 MB
       Class:  9.02 MB
        Both:  17.32 MB

MaxMetaspaceSize: unlimited
CompressedClassSpaceSize: 1.00 GB
Initial GC threshold: 21.00 MB
Current GC threshold: 97.31 MB
CDS: on
 - commit_granule_bytes: 65536.
 - commit_granule_words: 8192.
 - virtual_space_node_default_size: 8388608.
 - enlarge_chunks_in_place: 1.
 - use_allocation_guard: 0.


Internal statistics:

num_allocs_failed_limit: 11.
num_arena_births: 1196.
num_arena_deaths: 14.
num_vsnodes_births: 2.
num_vsnodes_deaths: 0.
num_space_committed: 1003.
num_space_uncommitted: 0.
num_chunks_returned_to_freelist: 25.
num_chunks_taken_from_freelist: 4114.
num_chunk_merges: 17.
num_chunk_splits: 2547.
num_chunks_enlarged: 1498.
num_inconsistent_stats: 0.

CodeHeap 'non-profiled nmethods': size=120064Kb used=6236Kb max_used=6236Kb free=113827Kb
 bounds [0x000001fde5b30000, 0x000001fde6150000, 0x000001fded070000]
CodeHeap 'profiled nmethods': size=120000Kb used=17837Kb max_used=17837Kb free=102163Kb
 bounds [0x000001fdde070000, 0x000001fddf1e0000, 0x000001fde55a0000]
CodeHeap 'non-nmethods': size=5696Kb used=1433Kb max_used=1473Kb free=4262Kb
 bounds [0x000001fde55a0000, 0x000001fde5810000, 0x000001fde5b30000]
 total_blobs=9113 nmethods=8358 adapters=662
 compilation: enabled
              stopped_count=0, restarted_count=0
 full_count=0

Compilation events (20 events):
Event: 94.300 Thread 0x000001fdef15fd50 nmethod 9177% 0x000001fde6146510 code [0x000001fde61466c0, 0x000001fde6146cf0]
Event: 94.466 Thread 0x000001fdef1d0d90 9178       3       org.eclipse.aether.artifact.AbstractArtifact::<init> (5 bytes)
Event: 94.466 Thread 0x000001fdef1d0d90 nmethod 9178 0x000001fddf1cf190 code [0x000001fddf1cf340, 0x000001fddf1cf4a8]
Event: 94.469 Thread 0x000001fdef1d0d90 9179       3       java.util.regex.Pattern$Node::match (27 bytes)
Event: 94.469 Thread 0x000001fdef1d0d90 nmethod 9179 0x000001fddf1cf590 code [0x000001fddf1cf740, 0x000001fddf1cf8a8]
Event: 94.482 Thread 0x000001fdef15fd50 9180 % !   4       java.util.jar.Attributes::read @ 214 (494 bytes)
Event: 94.497 Thread 0x000001fdef1d0d90 9181   !   3       lombok.patcher.ScriptManager$OurClassFileTransformer::transform (364 bytes)
Event: 94.499 Thread 0x000001fdef1d0d90 nmethod 9181 0x000001fddf1cfa10 code [0x000001fddf1cfd80, 0x000001fddf1d1758]
Event: 94.514 Thread 0x000001fdef1d0d90 9182       3       org.codehaus.plexus.classworlds.realm.Entry::matches (282 bytes)
Event: 94.522 Thread 0x000001fdef1d0d90 nmethod 9182 0x000001fddf1d1f90 code [0x000001fddf1d2640, 0x000001fddf1d5bd0]
Event: 94.527 Thread 0x000001fdef1d0d90 9183       3       com.google.common.base.Preconditions::checkArgument (13 bytes)
Event: 94.528 Thread 0x000001fdef1d0d90 nmethod 9183 0x000001fddf1d6e90 code [0x000001fddf1d7040, 0x000001fddf1d7220]
Event: 94.528 Thread 0x000001fdef1d0d90 9184       3       com.google.common.collect.ImmutableSet$Builder::add (31 bytes)
Event: 94.529 Thread 0x000001fdef1d0d90 nmethod 9184 0x000001fddf1d7310 code [0x000001fddf1d7540, 0x000001fddf1d7d38]
Event: 94.529 Thread 0x000001fdef1d0d90 9185       3       com.google.common.collect.ImmutableSet$Builder::copyIfNecessary (17 bytes)
Event: 94.529 Thread 0x000001fdef1d0d90 nmethod 9185 0x000001fddf1d8010 code [0x000001fddf1d81e0, 0x000001fddf1d85e0]
Event: 94.582 Thread 0x000001fdef1d0d90 9187       3       java.util.LinkedHashMap$LinkedValues::toArray (20 bytes)
Event: 94.582 Thread 0x000001fdef1d0d90 nmethod 9187 0x000001fddf1d8790 code [0x000001fddf1d8940, 0x000001fddf1d8ae0]
Event: 94.592 Thread 0x000001fdef1d0d90 9188       3       com.google.inject.internal.ProviderInstanceBindingImpl::<init> (23 bytes)
Event: 94.595 Thread 0x000001fdef1d0d90 nmethod 9188 0x000001fddf1d8c10 code [0x000001fddf1d8dc0, 0x000001fddf1d9058]

GC Heap History (20 events):
Event: 90.725 GC heap before
{Heap before GC invocations=355 (full 3):
 PSYoungGen      total 5632K, used 5504K [0x00000000eab00000, 0x00000000eb480000, 0x0000000100000000)
  eden space 5120K, 100% used [0x00000000eab00000,0x00000000eb000000,0x00000000eb000000)
  from space 512K, 75% used [0x00000000eb000000,0x00000000eb060000,0x00000000eb080000)
  to   space 1536K, 0% used [0x00000000eb300000,0x00000000eb300000,0x00000000eb480000)
 ParOldGen       total 409600K, used 181454K [0x00000000c0000000, 0x00000000d9000000, 0x00000000eab00000)
  object space 409600K, 44% used [0x00000000c0000000,0x00000000cb133970,0x00000000d9000000)
 Metaspace       used 60665K, committed 62144K, reserved 1114112K
  class space    used 6329K, committed 6976K, reserved 1048576K
}
Event: 90.733 GC heap after
{Heap after GC invocations=355 (full 3):
 PSYoungGen      total 5120K, used 1529K [0x00000000eab00000, 0x00000000eb900000, 0x0000000100000000)
  eden space 3584K, 0% used [0x00000000eab00000,0x00000000eab00000,0x00000000eae80000)
  from space 1536K, 99% used [0x00000000eb300000,0x00000000eb47e720,0x00000000eb480000)
  to   space 4608K, 0% used [0x00000000eae80000,0x00000000eae80000,0x00000000eb300000)
 ParOldGen       total 409600K, used 183790K [0x00000000c0000000, 0x00000000d9000000, 0x00000000eab00000)
  object space 409600K, 44% used [0x00000000c0000000,0x00000000cb37b970,0x00000000d9000000)
 Metaspace       used 60665K, committed 62144K, reserved 1114112K
  class space    used 6329K, committed 6976K, reserved 1048576K
}
Event: 91.116 GC heap before
{Heap before GC invocations=356 (full 3):
 PSYoungGen      total 5120K, used 5113K [0x00000000eab00000, 0x00000000eb900000, 0x0000000100000000)
  eden space 3584K, 99% used [0x00000000eab00000,0x00000000eae7ffe8,0x00000000eae80000)
  from space 1536K, 99% used [0x00000000eb300000,0x00000000eb47e720,0x00000000eb480000)
  to   space 4608K, 0% used [0x00000000eae80000,0x00000000eae80000,0x00000000eb300000)
 ParOldGen       total 409600K, used 183790K [0x00000000c0000000, 0x00000000d9000000, 0x00000000eab00000)
  object space 409600K, 44% used [0x00000000c0000000,0x00000000cb37b970,0x00000000d9000000)
 Metaspace       used 60890K, committed 62272K, reserved 1114112K
  class space    used 6349K, committed 6976K, reserved 1048576K
}
Event: 91.122 GC heap after
{Heap after GC invocations=356 (full 3):
 PSYoungGen      total 4096K, used 508K [0x00000000eab00000, 0x00000000eb380000, 0x0000000100000000)
  eden space 3584K, 0% used [0x00000000eab00000,0x00000000eab00000,0x00000000eae80000)
  from space 512K, 99% used [0x00000000eae80000,0x00000000eaeff200,0x00000000eaf00000)
  to   space 2048K, 0% used [0x00000000eb180000,0x00000000eb180000,0x00000000eb380000)
 ParOldGen       total 409600K, used 185192K [0x00000000c0000000, 0x00000000d9000000, 0x00000000eab00000)
  object space 409600K, 45% used [0x00000000c0000000,0x00000000cb4da170,0x00000000d9000000)
 Metaspace       used 60890K, committed 62272K, reserved 1114112K
  class space    used 6349K, committed 6976K, reserved 1048576K
}
Event: 91.712 GC heap before
{Heap before GC invocations=357 (full 3):
 PSYoungGen      total 4096K, used 4090K [0x00000000eab00000, 0x00000000eb380000, 0x0000000100000000)
  eden space 3584K, 99% used [0x00000000eab00000,0x00000000eae7f6c8,0x00000000eae80000)
  from space 512K, 99% used [0x00000000eae80000,0x00000000eaeff200,0x00000000eaf00000)
  to   space 2048K, 0% used [0x00000000eb180000,0x00000000eb180000,0x00000000eb380000)
 ParOldGen       total 409600K, used 185192K [0x00000000c0000000, 0x00000000d9000000, 0x00000000eab00000)
  object space 409600K, 45% used [0x00000000c0000000,0x00000000cb4da170,0x00000000d9000000)
 Metaspace       used 61323K, committed 62784K, reserved 1114112K
  class space    used 6394K, committed 7040K, reserved 1048576K
}
Event: 91.717 GC heap after
{Heap after GC invocations=357 (full 3):
 PSYoungGen      total 4096K, used 295K [0x00000000eab00000, 0x00000000eb200000, 0x0000000100000000)
  eden space 3584K, 0% used [0x00000000eab00000,0x00000000eab00000,0x00000000eae80000)
  from space 512K, 57% used [0x00000000eb180000,0x00000000eb1c9e90,0x00000000eb200000)
  to   space 1024K, 0% used [0x00000000eb000000,0x00000000eb000000,0x00000000eb100000)
 ParOldGen       total 409600K, used 185490K [0x00000000c0000000, 0x00000000d9000000, 0x00000000eab00000)
  object space 409600K, 45% used [0x00000000c0000000,0x00000000cb5249b0,0x00000000d9000000)
 Metaspace       used 61323K, committed 62784K, reserved 1114112K
  class space    used 6394K, committed 7040K, reserved 1048576K
}
Event: 92.251 GC heap before
{Heap before GC invocations=358 (full 3):
 PSYoungGen      total 4096K, used 3875K [0x00000000eab00000, 0x00000000eb200000, 0x0000000100000000)
  eden space 3584K, 99% used [0x00000000eab00000,0x00000000eae7f000,0x00000000eae80000)
  from space 512K, 57% used [0x00000000eb180000,0x00000000eb1c9e90,0x00000000eb200000)
  to   space 1024K, 0% used [0x00000000eb000000,0x00000000eb000000,0x00000000eb100000)
 ParOldGen       total 409600K, used 185490K [0x00000000c0000000, 0x00000000d9000000, 0x00000000eab00000)
  object space 409600K, 45% used [0x00000000c0000000,0x00000000cb5249b0,0x00000000d9000000)
 Metaspace       used 61487K, committed 63040K, reserved 1114112K
  class space    used 6420K, committed 7104K, reserved 1048576K
}
Event: 92.263 GC heap after
{Heap after GC invocations=358 (full 3):
 PSYoungGen      total 4608K, used 944K [0x00000000eab00000, 0x00000000eb200000, 0x0000000100000000)
  eden space 3584K, 0% used [0x00000000eab00000,0x00000000eab00000,0x00000000eae80000)
  from space 1024K, 92% used [0x00000000eb000000,0x00000000eb0ec030,0x00000000eb100000)
  to   space 1024K, 0% used [0x00000000eb100000,0x00000000eb100000,0x00000000eb200000)
 ParOldGen       total 409600K, used 185726K [0x00000000c0000000, 0x00000000d9000000, 0x00000000eab00000)
  object space 409600K, 45% used [0x00000000c0000000,0x00000000cb55f950,0x00000000d9000000)
 Metaspace       used 61487K, committed 63040K, reserved 1114112K
  class space    used 6420K, committed 7104K, reserved 1048576K
}
Event: 92.496 GC heap before
{Heap before GC invocations=359 (full 3):
 PSYoungGen      total 4608K, used 4527K [0x00000000eab00000, 0x00000000eb200000, 0x0000000100000000)
  eden space 3584K, 99% used [0x00000000eab00000,0x00000000eae7fc98,0x00000000eae80000)
  from space 1024K, 92% used [0x00000000eb000000,0x00000000eb0ec030,0x00000000eb100000)
  to   space 1024K, 0% used [0x00000000eb100000,0x00000000eb100000,0x00000000eb200000)
 ParOldGen       total 409600K, used 185726K [0x00000000c0000000, 0x00000000d9000000, 0x00000000eab00000)
  object space 409600K, 45% used [0x00000000c0000000,0x00000000cb55f950,0x00000000d9000000)
 Metaspace       used 61654K, committed 63104K, reserved 1114112K
  class space    used 6437K, committed 7104K, reserved 1048576K
}
Event: 92.507 GC heap after
{Heap after GC invocations=359 (full 3):
 PSYoungGen      total 4096K, used 439K [0x00000000eab00000, 0x00000000eb180000, 0x0000000100000000)
  eden space 3584K, 0% used [0x00000000eab00000,0x00000000eab00000,0x00000000eae80000)
  from space 512K, 85% used [0x00000000eb100000,0x00000000eb16dd88,0x00000000eb180000)
  to   space 1024K, 0% used [0x00000000eaf80000,0x00000000eaf80000,0x00000000eb080000)
 ParOldGen       total 409600K, used 187799K [0x00000000c0000000, 0x00000000d9000000, 0x00000000eab00000)
  object space 409600K, 45% used [0x00000000c0000000,0x00000000cb765e80,0x00000000d9000000)
 Metaspace       used 61654K, committed 63104K, reserved 1114112K
  class space    used 6437K, committed 7104K, reserved 1048576K
}
Event: 92.805 GC heap before
{Heap before GC invocations=360 (full 3):
 PSYoungGen      total 4096K, used 4023K [0x00000000eab00000, 0x00000000eb180000, 0x0000000100000000)
  eden space 3584K, 100% used [0x00000000eab00000,0x00000000eae80000,0x00000000eae80000)
  from space 512K, 85% used [0x00000000eb100000,0x00000000eb16dd88,0x00000000eb180000)
  to   space 1024K, 0% used [0x00000000eaf80000,0x00000000eaf80000,0x00000000eb080000)
 ParOldGen       total 409600K, used 187799K [0x00000000c0000000, 0x00000000d9000000, 0x00000000eab00000)
  object space 409600K, 45% used [0x00000000c0000000,0x00000000cb765e80,0x00000000d9000000)
 Metaspace       used 61931K, committed 63424K, reserved 1114112K
  class space    used 6473K, committed 7104K, reserved 1048576K
}
Event: 92.811 GC heap after
{Heap after GC invocations=360 (full 3):
 PSYoungGen      total 4608K, used 224K [0x00000000eab00000, 0x00000000eb180000, 0x0000000100000000)
  eden space 3584K, 0% used [0x00000000eab00000,0x00000000eab00000,0x00000000eae80000)
  from space 1024K, 21% used [0x00000000eaf80000,0x00000000eafb8000,0x00000000eb080000)
  to   space 512K, 0% used [0x00000000eb100000,0x00000000eb100000,0x00000000eb180000)
 ParOldGen       total 409600K, used 188167K [0x00000000c0000000, 0x00000000d9000000, 0x00000000eab00000)
  object space 409600K, 45% used [0x00000000c0000000,0x00000000cb7c1c08,0x00000000d9000000)
 Metaspace       used 61931K, committed 63424K, reserved 1114112K
  class space    used 6473K, committed 7104K, reserved 1048576K
}
Event: 92.970 GC heap before
{Heap before GC invocations=361 (full 3):
 PSYoungGen      total 4608K, used 3807K [0x00000000eab00000, 0x00000000eb180000, 0x0000000100000000)
  eden space 3584K, 99% used [0x00000000eab00000,0x00000000eae7fff8,0x00000000eae80000)
  from space 1024K, 21% used [0x00000000eaf80000,0x00000000eafb8000,0x00000000eb080000)
  to   space 512K, 0% used [0x00000000eb100000,0x00000000eb100000,0x00000000eb180000)
 ParOldGen       total 409600K, used 188167K [0x00000000c0000000, 0x00000000d9000000, 0x00000000eab00000)
  object space 409600K, 45% used [0x00000000c0000000,0x00000000cb7c1c08,0x00000000d9000000)
 Metaspace       used 61993K, committed 63552K, reserved 1114112K
  class space    used 6486K, committed 7168K, reserved 1048576K
}
Event: 92.980 GC heap after
{Heap after GC invocations=361 (full 3):
 PSYoungGen      total 4096K, used 512K [0x00000000eab00000, 0x00000000eb180000, 0x0000000100000000)
  eden space 3584K, 0% used [0x00000000eab00000,0x00000000eab00000,0x00000000eae80000)
  from space 512K, 100% used [0x00000000eb100000,0x00000000eb180000,0x00000000eb180000)
  to   space 1024K, 0% used [0x00000000eaf80000,0x00000000eaf80000,0x00000000eb080000)
 ParOldGen       total 409600K, used 188527K [0x00000000c0000000, 0x00000000d9000000, 0x00000000eab00000)
  object space 409600K, 46% used [0x00000000c0000000,0x00000000cb81bc08,0x00000000d9000000)
 Metaspace       used 61993K, committed 63552K, reserved 1114112K
  class space    used 6486K, committed 7168K, reserved 1048576K
}
Event: 93.775 GC heap before
{Heap before GC invocations=362 (full 3):
 PSYoungGen      total 4096K, used 4096K [0x00000000eab00000, 0x00000000eb180000, 0x0000000100000000)
  eden space 3584K, 100% used [0x00000000eab00000,0x00000000eae80000,0x00000000eae80000)
  from space 512K, 100% used [0x00000000eb100000,0x00000000eb180000,0x00000000eb180000)
  to   space 1024K, 0% used [0x00000000eaf80000,0x00000000eaf80000,0x00000000eb080000)
 ParOldGen       total 409600K, used 188527K [0x00000000c0000000, 0x00000000d9000000, 0x00000000eab00000)
  object space 409600K, 46% used [0x00000000c0000000,0x00000000cb81bc08,0x00000000d9000000)
 Metaspace       used 62118K, committed 63680K, reserved 1114112K
  class space    used 6496K, committed 7168K, reserved 1048576K
}
Event: 93.780 GC heap after
{Heap after GC invocations=362 (full 3):
 PSYoungGen      total 4608K, used 672K [0x00000000eab00000, 0x00000000eb180000, 0x0000000100000000)
  eden space 3584K, 0% used [0x00000000eab00000,0x00000000eab00000,0x00000000eae80000)
  from space 1024K, 65% used [0x00000000eaf80000,0x00000000eb028000,0x00000000eb080000)
  to   space 1024K, 0% used [0x00000000eb080000,0x00000000eb080000,0x00000000eb180000)
 ParOldGen       total 409600K, used 188975K [0x00000000c0000000, 0x00000000d9000000, 0x00000000eab00000)
  object space 409600K, 46% used [0x00000000c0000000,0x00000000cb88bc08,0x00000000d9000000)
 Metaspace       used 62118K, committed 63680K, reserved 1114112K
  class space    used 6496K, committed 7168K, reserved 1048576K
}
Event: 94.134 GC heap before
{Heap before GC invocations=363 (full 3):
 PSYoungGen      total 4608K, used 4256K [0x00000000eab00000, 0x00000000eb180000, 0x0000000100000000)
  eden space 3584K, 100% used [0x00000000eab00000,0x00000000eae80000,0x00000000eae80000)
  from space 1024K, 65% used [0x00000000eaf80000,0x00000000eb028000,0x00000000eb080000)
  to   space 1024K, 0% used [0x00000000eb080000,0x00000000eb080000,0x00000000eb180000)
 ParOldGen       total 409600K, used 188975K [0x00000000c0000000, 0x00000000d9000000, 0x00000000eab00000)
  object space 409600K, 46% used [0x00000000c0000000,0x00000000cb88bc08,0x00000000d9000000)
 Metaspace       used 62242K, committed 63808K, reserved 1114112K
  class space    used 6507K, committed 7168K, reserved 1048576K
}
Event: 94.142 GC heap after
{Heap after GC invocations=363 (full 3):
 PSYoungGen      total 4096K, used 464K [0x00000000eab00000, 0x00000000eb100000, 0x0000000100000000)
  eden space 3584K, 0% used [0x00000000eab00000,0x00000000eab00000,0x00000000eae80000)
  from space 512K, 90% used [0x00000000eb080000,0x00000000eb0f4010,0x00000000eb100000)
  to   space 1024K, 0% used [0x00000000eaf00000,0x00000000eaf00000,0x00000000eb000000)
 ParOldGen       total 409600K, used 189639K [0x00000000c0000000, 0x00000000d9000000, 0x00000000eab00000)
  object space 409600K, 46% used [0x00000000c0000000,0x00000000cb931de0,0x00000000d9000000)
 Metaspace       used 62242K, committed 63808K, reserved 1114112K
  class space    used 6507K, committed 7168K, reserved 1048576K
}
Event: 94.557 GC heap before
{Heap before GC invocations=364 (full 3):
 PSYoungGen      total 4096K, used 4048K [0x00000000eab00000, 0x00000000eb100000, 0x0000000100000000)
  eden space 3584K, 100% used [0x00000000eab00000,0x00000000eae80000,0x00000000eae80000)
  from space 512K, 90% used [0x00000000eb080000,0x00000000eb0f4010,0x00000000eb100000)
  to   space 1024K, 0% used [0x00000000eaf00000,0x00000000eaf00000,0x00000000eb000000)
 ParOldGen       total 409600K, used 189639K [0x00000000c0000000, 0x00000000d9000000, 0x00000000eab00000)
  object space 409600K, 46% used [0x00000000c0000000,0x00000000cb931de0,0x00000000d9000000)
 Metaspace       used 62623K, committed 64128K, reserved 1114112K
  class space    used 6544K, committed 7168K, reserved 1048576K
}
Event: 94.562 GC heap after
{Heap after GC invocations=364 (full 3):
 PSYoungGen      total 4608K, used 160K [0x00000000eab00000, 0x00000000eb100000, 0x0000000100000000)
  eden space 3584K, 0% used [0x00000000eab00000,0x00000000eab00000,0x00000000eae80000)
  from space 1024K, 15% used [0x00000000eaf00000,0x00000000eaf28000,0x00000000eb000000)
  to   space 512K, 0% used [0x00000000eb080000,0x00000000eb080000,0x00000000eb100000)
 ParOldGen       total 409600K, used 191353K [0x00000000c0000000, 0x00000000d9000000, 0x00000000eab00000)
  object space 409600K, 46% used [0x00000000c0000000,0x00000000cbade560,0x00000000d9000000)
 Metaspace       used 62623K, committed 64128K, reserved 1114112K
  class space    used 6544K, committed 7168K, reserved 1048576K
}

Dll operation events (11 events):
Event: 0.019 Loaded shared library c:\Users\Darnelle\.vscode\extensions\redhat.java-1.41.1-win32-x64\jre\21.0.6-win32-x86_64\bin\java.dll
Event: 0.516 Loaded shared library c:\Users\Darnelle\.vscode\extensions\redhat.java-1.41.1-win32-x64\jre\21.0.6-win32-x86_64\bin\zip.dll
Event: 0.677 Loaded shared library C:\Users\Darnelle\.vscode\extensions\redhat.java-1.41.1-win32-x64\jre\21.0.6-win32-x86_64\bin\instrument.dll
Event: 0.694 Loaded shared library C:\Users\Darnelle\.vscode\extensions\redhat.java-1.41.1-win32-x64\jre\21.0.6-win32-x86_64\bin\net.dll
Event: 0.698 Loaded shared library C:\Users\Darnelle\.vscode\extensions\redhat.java-1.41.1-win32-x64\jre\21.0.6-win32-x86_64\bin\nio.dll
Event: 0.800 Loaded shared library C:\Users\Darnelle\.vscode\extensions\redhat.java-1.41.1-win32-x64\jre\21.0.6-win32-x86_64\bin\zip.dll
Event: 0.930 Loaded shared library C:\Users\Darnelle\.vscode\extensions\redhat.java-1.41.1-win32-x64\jre\21.0.6-win32-x86_64\bin\jimage.dll
Event: 1.503 Loaded shared library c:\Users\Darnelle\.vscode\extensions\redhat.java-1.41.1-win32-x64\jre\21.0.6-win32-x86_64\bin\verify.dll
Event: 10.997 Loaded shared library C:\Users\Darnelle\AppData\Roaming\Code\User\globalStorage\redhat.java\1.41.1\config_win\org.eclipse.equinox.launcher\org.eclipse.equinox.launcher.win32.win32.x86_64_1.2.1300.v20250331-1702\eclipse_11911.dll
Event: 21.211 Loaded shared library C:\Users\Darnelle\AppData\Local\Temp\jna-1808956281\jna14480384090815857457.dll
Event: 92.635 Loaded shared library C:\Users\Darnelle\.vscode\extensions\redhat.java-1.41.1-win32-x64\jre\21.0.6-win32-x86_64\bin\sunmscapi.dll

Deoptimization events (20 events):
Event: 94.195 Thread 0x000001fdef268210 DEOPT PACKING pc=0x000001fde5c6e3a4 sp=0x000000095b1fd110
Event: 94.195 Thread 0x000001fdef268210 DEOPT UNPACKING pc=0x000001fde55f3a9c sp=0x000000095b1fcfc8 mode 2
Event: 94.221 Thread 0x000001fdf4623420 Uncommon trap: trap_request=0xffffff45 fr.pc=0x000001fde5fdfc3c relative=0x0000000000001c3c
Event: 94.221 Thread 0x000001fdf4623420 Uncommon trap: reason=unstable_if action=reinterpret pc=0x000001fde5fdfc3c method=sun.nio.ch.ChannelInputStream.read([BII)I @ 19 c2
Event: 94.221 Thread 0x000001fdf4623420 DEOPT PACKING pc=0x000001fde5fdfc3c sp=0x000000095c3fd880
Event: 94.221 Thread 0x000001fdf4623420 DEOPT UNPACKING pc=0x000001fde55f3a9c sp=0x000000095c3fd8a0 mode 2
Event: 94.300 Thread 0x000001fdf4623420 DEOPT PACKING pc=0x000001fddf1ce48f sp=0x000000095c3febb0
Event: 94.300 Thread 0x000001fdf4623420 DEOPT UNPACKING pc=0x000001fde55f4223 sp=0x000000095c3fe0c8 mode 0
Event: 94.497 Thread 0x000001fdef268210 Uncommon trap: trap_request=0xffffff45 fr.pc=0x000001fde605d5d4 relative=0x0000000000000274
Event: 94.497 Thread 0x000001fdef268210 Uncommon trap: reason=unstable_if action=reinterpret pc=0x000001fde605d5d4 method=sun.nio.fs.WindowsPath.compareTo(Ljava/nio/file/Path;)I @ 76 c2
Event: 94.497 Thread 0x000001fdef268210 DEOPT PACKING pc=0x000001fde605d5d4 sp=0x000000095b1fca10
Event: 94.497 Thread 0x000001fdef268210 DEOPT UNPACKING pc=0x000001fde55f3a9c sp=0x000000095b1fc918 mode 2
Event: 94.497 Thread 0x000001fdef268210 Uncommon trap: trap_request=0xffffff45 fr.pc=0x000001fde5e3b0d8 relative=0x0000000000001418
Event: 94.497 Thread 0x000001fdef268210 Uncommon trap: reason=unstable_if action=reinterpret pc=0x000001fde5e3b0d8 method=lombok.eclipse.agent.EclipsePatcher$1.shouldTransform(Ljava/lang/ClassLoader;Ljava/lang/String;Ljava/lang/Class;Ljava/security/ProtectionDomain;[B)Z @ 80 c2
Event: 94.497 Thread 0x000001fdef268210 DEOPT PACKING pc=0x000001fde5e3b0d8 sp=0x000000095b1fb7e0
Event: 94.497 Thread 0x000001fdef268210 DEOPT UNPACKING pc=0x000001fde55f3a9c sp=0x000000095b1fb6f8 mode 2
Event: 94.575 Thread 0x000001fdf4623420 Uncommon trap: trap_request=0xffffff45 fr.pc=0x000001fde6146b9c relative=0x00000000000004dc
Event: 94.575 Thread 0x000001fdf4623420 Uncommon trap: reason=unstable_if action=reinterpret pc=0x000001fde6146b9c method=com.sun.crypto.provider.CipherBlockChaining.implDecrypt([BII[BI)I @ 8 c2
Event: 94.575 Thread 0x000001fdf4623420 DEOPT PACKING pc=0x000001fde6146b9c sp=0x000000095c3febf0
Event: 94.575 Thread 0x000001fdf4623420 DEOPT UNPACKING pc=0x000001fde55f3a9c sp=0x000000095c3febc8 mode 2

Classes loaded (20 events):
Event: 94.234 Loading class com/sun/crypto/provider/AESConstants
Event: 94.234 Loading class com/sun/crypto/provider/AESConstants done
Event: 94.240 Loading class com/sun/crypto/provider/SymmetricCipher
Event: 94.240 Loading class com/sun/crypto/provider/SymmetricCipher done
Event: 94.240 Loading class com/sun/crypto/provider/AESCrypt done
Event: 94.241 Loading class com/sun/crypto/provider/ElectronicCodeBook
Event: 94.242 Loading class com/sun/crypto/provider/FeedbackCipher
Event: 94.242 Loading class com/sun/crypto/provider/FeedbackCipher done
Event: 94.243 Loading class com/sun/crypto/provider/ElectronicCodeBook done
Event: 94.243 Loading class com/sun/crypto/provider/PKCS5Padding
Event: 94.248 Loading class com/sun/crypto/provider/Padding
Event: 94.248 Loading class com/sun/crypto/provider/Padding done
Event: 94.248 Loading class com/sun/crypto/provider/PKCS5Padding done
Event: 94.249 Loading class com/sun/crypto/provider/CipherBlockChaining
Event: 94.249 Loading class com/sun/crypto/provider/CipherBlockChaining done
Event: 94.250 Loading class javax/crypto/NullCipher
Event: 94.250 Loading class javax/crypto/NullCipher done
Event: 94.250 Loading class sun/security/util/ArrayUtil
Event: 94.251 Loading class sun/security/util/ArrayUtil done
Event: 94.596 Loading class java/util/zip/CheckedInputStream

Classes unloaded (7 events):
Event: 28.281 Thread 0x000001fdef139230 Unloading class 0x000001fd81198c00 'java/lang/invoke/LambdaForm$MH+0x000001fd81198c00'
Event: 28.281 Thread 0x000001fdef139230 Unloading class 0x000001fd81198800 'java/lang/invoke/LambdaForm$MH+0x000001fd81198800'
Event: 28.281 Thread 0x000001fdef139230 Unloading class 0x000001fd81198400 'java/lang/invoke/LambdaForm$MH+0x000001fd81198400'
Event: 28.281 Thread 0x000001fdef139230 Unloading class 0x000001fd81198000 'java/lang/invoke/LambdaForm$MH+0x000001fd81198000'
Event: 28.281 Thread 0x000001fdef139230 Unloading class 0x000001fd81197c00 'java/lang/invoke/LambdaForm$BMH+0x000001fd81197c00'
Event: 28.281 Thread 0x000001fdef139230 Unloading class 0x000001fd81197800 'java/lang/invoke/LambdaForm$DMH+0x000001fd81197800'
Event: 28.281 Thread 0x000001fdef139230 Unloading class 0x000001fd81196400 'java/lang/invoke/LambdaForm$DMH+0x000001fd81196400'

Classes redefined (0 events):
No events

Internal exceptions (20 events):
Event: 89.250 Thread 0x000001fdf572f480 Exception <a 'java/io/FileNotFoundException'{0x00000000eafd7470}> (0x00000000eafd7470) 
thrown [s\src\hotspot\share\prims\jni.cpp, line 520]
Event: 89.250 Thread 0x000001fdf572f480 Exception <a 'java/io/FileNotFoundException'{0x00000000eafd84a0}> (0x00000000eafd84a0) 
thrown [s\src\hotspot\share\prims\jni.cpp, line 520]
Event: 89.317 Thread 0x000001fdf572f480 Exception <a 'sun/nio/fs/WindowsException'{0x00000000eab4f790}> (0x00000000eab4f790) 
thrown [s\src\hotspot\share\prims\jni.cpp, line 520]
Event: 89.318 Thread 0x000001fdf572f480 Exception <a 'sun/nio/fs/WindowsException'{0x00000000eab4fdc0}> (0x00000000eab4fdc0) 
thrown [s\src\hotspot\share\prims\jni.cpp, line 520]
Event: 89.325 Thread 0x000001fdf572f480 Exception <a 'sun/nio/fs/WindowsException'{0x00000000eab52e68}> (0x00000000eab52e68) 
thrown [s\src\hotspot\share\prims\jni.cpp, line 520]
Event: 89.325 Thread 0x000001fdf572f480 Exception <a 'sun/nio/fs/WindowsException'{0x00000000eab53708}> (0x00000000eab53708) 
thrown [s\src\hotspot\share\prims\jni.cpp, line 520]
Event: 89.381 Thread 0x000001fdf572f480 Exception <a 'java/lang/IncompatibleClassChangeError'{0x00000000eab82780}: Found class java.lang.Object, but interface was expected> (0x00000000eab82780) 
thrown [s\src\hotspot\share\interpreter\linkResolver.cpp, line 840]
Event: 89.391 Thread 0x000001fdf572f480 Exception <a 'java/lang/IncompatibleClassChangeError'{0x00000000eabdf748}: Found class java.lang.Object, but interface was expected> (0x00000000eabdf748) 
thrown [s\src\hotspot\share\interpreter\linkResolver.cpp, line 840]
Event: 89.409 Thread 0x000001fdf572f480 Exception <a 'java/lang/IncompatibleClassChangeError'{0x00000000eac405b8}: Found class java.lang.Object, but interface was expected> (0x00000000eac405b8) 
thrown [s\src\hotspot\share\interpreter\linkResolver.cpp, line 840]
Event: 89.527 Thread 0x000001fdef2688a0 Exception <a 'java/lang/NoSuchMethodError'{0x00000000ead6a048}: 'java.lang.Object java.lang.invoke.DirectMethodHandle$Holder.invokeStatic(java.lang.Object, java.lang.Object, int, java.lang.Object)'> (0x00000000ead6a048) 
thrown [s\src\hotspot\share\interpreter\linkResolver.cpp, line 773]
Event: 89.964 Thread 0x000001fdef266e60 Exception <a 'java/lang/NoSuchMethodError'{0x00000000eaf6e140}: 'java.lang.Object java.lang.invoke.DirectMethodHandle$Holder.invokeSpecial(java.lang.Object, java.lang.Object, int, long)'> (0x00000000eaf6e140) 
thrown [s\src\hotspot\share\interpreter\linkResolver.cpp, line 773]
Event: 90.277 Thread 0x000001fdef268210 Implicit null exception at 0x000001fde6081d37 to 0x000001fde6083884
Event: 90.278 Thread 0x000001fdef268210 Implicit null exception at 0x000001fde6085006 to 0x000001fde6086598
Event: 90.680 Thread 0x000001fdf572da40 Exception <a 'java/lang/NoSuchMethodError'{0x00000000eaf974b0}: 'int java.lang.invoke.Invokers$Holder.invokeExact_MT(java.lang.Object, java.lang.Object)'> (0x00000000eaf974b0) 
thrown [s\src\hotspot\share\interpreter\linkResolver.cpp, line 773]
Event: 90.815 Thread 0x000001fdef265ab0 Exception <a 'sun/nio/fs/WindowsException'{0x00000000eac21eb0}> (0x00000000eac21eb0) 
thrown [s\src\hotspot\share\prims\jni.cpp, line 520]
Event: 91.071 Thread 0x000001fdf572f480 Exception <a 'java/lang/IncompatibleClassChangeError'{0x00000000ead561f8}: Found class java.lang.Object, but interface was expected> (0x00000000ead561f8) 
thrown [s\src\hotspot\share\interpreter\linkResolver.cpp, line 840]
Event: 91.846 Thread 0x000001fdf572da40 Exception <a 'java/lang/IncompatibleClassChangeError'{0x00000000eac95bb8}: Found class java.lang.Object, but interface was expected> (0x00000000eac95bb8) 
thrown [s\src\hotspot\share\interpreter\linkResolver.cpp, line 840]
Event: 92.536 Thread 0x000001fdef268210 Exception <a 'java/lang/NoSuchMethodError'{0x00000000eab17518}: 'void java.lang.invoke.DirectMethodHandle$Holder.invokeInterface(java.lang.Object, java.lang.Object)'> (0x00000000eab17518) 
thrown [s\src\hotspot\share\interpreter\linkResolver.cpp, line 773]
Event: 93.894 Thread 0x000001fdf4623420 Exception <a 'sun/nio/fs/WindowsException'{0x00000000eade3208}> (0x00000000eade3208) 
thrown [s\src\hotspot\share\prims\jni.cpp, line 520]
Event: 94.497 Thread 0x000001fdef268210 Implicit null exception at 0x000001fde5e3a4af to 0x000001fde5e3b0c4

ZGC Phase Switch (0 events):
No events

VM Operations (20 events):
Event: 92.275 Executing VM operation: HandshakeAllThreads (Deoptimize)
Event: 92.283 Executing VM operation: HandshakeAllThreads (Deoptimize) done
Event: 92.494 Executing VM operation: ParallelGCFailedAllocation (Allocation Failure)
Event: 92.507 Executing VM operation: ParallelGCFailedAllocation (Allocation Failure) done
Event: 92.532 Executing VM operation: HandshakeAllThreads (Deoptimize)
Event: 92.535 Executing VM operation: HandshakeAllThreads (Deoptimize) done
Event: 92.765 Executing VM operation: ParallelGCFailedAllocation (Allocation Failure)
Event: 92.811 Executing VM operation: ParallelGCFailedAllocation (Allocation Failure) done
Event: 92.930 Executing VM operation: ParallelGCFailedAllocation (Allocation Failure)
Event: 92.980 Executing VM operation: ParallelGCFailedAllocation (Allocation Failure) done
Event: 93.773 Executing VM operation: ParallelGCFailedAllocation (Allocation Failure)
Event: 93.781 Executing VM operation: ParallelGCFailedAllocation (Allocation Failure) done
Event: 94.105 Executing VM operation: HandshakeAllThreads (Deoptimize)
Event: 94.134 Executing VM operation: HandshakeAllThreads (Deoptimize) done
Event: 94.134 Executing VM operation: ParallelGCFailedAllocation (Allocation Failure)
Event: 94.142 Executing VM operation: ParallelGCFailedAllocation (Allocation Failure) done
Event: 94.530 Executing VM operation: ParallelGCFailedAllocation (Allocation Failure)
Event: 94.562 Executing VM operation: ParallelGCFailedAllocation (Allocation Failure) done
Event: 94.595 Executing VM operation: HandshakeAllThreads (Deoptimize)
Event: 94.595 Executing VM operation: HandshakeAllThreads (Deoptimize) done

Memory protections (0 events):
No events

Nmethod flushes (20 events):
Event: 87.729 Thread 0x000001fdef139230 flushing  nmethod 0x000001fdde9b8b90
Event: 87.729 Thread 0x000001fdef139230 flushing  nmethod 0x000001fdde9c7610
Event: 87.729 Thread 0x000001fdef139230 flushing  nmethod 0x000001fdde9d5a90
Event: 87.729 Thread 0x000001fdef139230 flushing  nmethod 0x000001fdde9d7710
Event: 87.729 Thread 0x000001fdef139230 flushing  nmethod 0x000001fdde9da110
Event: 87.729 Thread 0x000001fdef139230 flushing  nmethod 0x000001fdde9e1590
Event: 87.729 Thread 0x000001fdef139230 flushing osr nmethod 0x000001fdde9e7890
Event: 87.729 Thread 0x000001fdef139230 flushing  nmethod 0x000001fdde9fd390
Event: 87.729 Thread 0x000001fdef139230 flushing  nmethod 0x000001fddea1c910
Event: 87.729 Thread 0x000001fdef139230 flushing  nmethod 0x000001fddea45410
Event: 87.729 Thread 0x000001fdef139230 flushing osr nmethod 0x000001fddea58090
Event: 87.729 Thread 0x000001fdef139230 flushing  nmethod 0x000001fddea5f890
Event: 87.729 Thread 0x000001fdef139230 flushing  nmethod 0x000001fddea6ae10
Event: 87.729 Thread 0x000001fdef139230 flushing  nmethod 0x000001fddea6cc90
Event: 87.729 Thread 0x000001fdef139230 flushing  nmethod 0x000001fddea6db90
Event: 87.729 Thread 0x000001fdef139230 flushing  nmethod 0x000001fddea9e990
Event: 87.729 Thread 0x000001fdef139230 flushing  nmethod 0x000001fddea9f910
Event: 87.729 Thread 0x000001fdef139230 flushing  nmethod 0x000001fddea9ff10
Event: 87.729 Thread 0x000001fdef139230 flushing  nmethod 0x000001fddeaa0e90
Event: 87.729 Thread 0x000001fdef139230 flushing  nmethod 0x000001fddeaa4810

Events (20 events):
Event: 92.084 Thread 0x000001fdf572f480 Thread added: 0x000001fdf461d1b0
Event: 92.084 Thread 0x000001fdf461cb20 Thread added: 0x000001fdf4623420
Event: 92.332 Thread 0x000001fdf461cb20 Thread exited: 0x000001fdf461cb20
Event: 92.522 Thread 0x000001fdf461d1b0 Thread exited: 0x000001fdf461d1b0
Event: 92.562 Thread 0x000001fdef268210 Thread added: 0x000001fdf4622070
Event: 92.562 Thread 0x000001fdef268210 Thread added: 0x000001fdf461d840
Event: 92.562 Thread 0x000001fdef268210 Thread added: 0x000001fdf4620630
Event: 92.563 Thread 0x000001fdef268210 Thread added: 0x000001fdf461ffa0
Event: 92.563 Thread 0x000001fdef268210 Thread added: 0x000001fdf461d1b0
Event: 92.576 Thread 0x000001fdf572ac50 Thread exited: 0x000001fdf572ac50
Event: 92.639 Thread 0x000001fdf572da40 Thread added: 0x000001fdf461f280
Event: 92.812 Thread 0x000001fdf572f480 Thread added: 0x000001fdf461c490
Event: 93.005 Thread 0x000001fdf572f480 Thread added: 0x000001fdf4620cc0
Event: 93.407 Thread 0x000001fdf461c490 Thread exited: 0x000001fdf461c490
Event: 93.852 Thread 0x000001fdf4620cc0 Thread exited: 0x000001fdf4620cc0
Event: 94.113 Thread 0x000001fdf461d1b0 Thread exited: 0x000001fdf461d1b0
Event: 94.113 Thread 0x000001fdf461ffa0 Thread exited: 0x000001fdf461ffa0
Event: 94.113 Thread 0x000001fdf4622070 Thread exited: 0x000001fdf4622070
Event: 94.114 Thread 0x000001fdf4620630 Thread exited: 0x000001fdf4620630
Event: 94.114 Thread 0x000001fdf461d840 Thread exited: 0x000001fdf461d840


Dynamic libraries:
0x00007ff721820000 - 0x00007ff72182e000 	c:\Users\Darnelle\.vscode\extensions\redhat.java-1.41.1-win32-x64\jre\21.0.6-win32-x86_64\bin\java.exe
0x00007ffb56660000 - 0x00007ffb56869000 	C:\WINDOWS\SYSTEM32\ntdll.dll
0x00007ffb54c90000 - 0x00007ffb54d4d000 	C:\WINDOWS\System32\KERNEL32.DLL
0x00007ffb53cd0000 - 0x00007ffb54054000 	C:\WINDOWS\System32\KERNELBASE.dll
0x00007ffb53af0000 - 0x00007ffb53c01000 	C:\WINDOWS\System32\ucrtbase.dll
0x00007ffb4f1a0000 - 0x00007ffb4f1b8000 	c:\Users\Darnelle\.vscode\extensions\redhat.java-1.41.1-win32-x64\jre\21.0.6-win32-x86_64\bin\jli.dll
0x00007ffb54d50000 - 0x00007ffb54efd000 	C:\WINDOWS\System32\USER32.dll
0x00007ffb542c0000 - 0x00007ffb542e6000 	C:\WINDOWS\System32\win32u.dll
0x00007ffb550d0000 - 0x00007ffb550fa000 	C:\WINDOWS\System32\GDI32.dll
0x00007ffb542f0000 - 0x00007ffb5440e000 	C:\WINDOWS\System32\gdi32full.dll
0x00007ffb54410000 - 0x00007ffb544ad000 	C:\WINDOWS\System32\msvcp_win.dll
0x00007ffb4e000000 - 0x00007ffb4e01e000 	c:\Users\Darnelle\.vscode\extensions\redhat.java-1.41.1-win32-x64\jre\21.0.6-win32-x86_64\bin\VCRUNTIME140.dll
0x00007ffb41aa0000 - 0x00007ffb41d45000 	C:\WINDOWS\WinSxS\amd64_microsoft.windows.common-controls_6595b64144ccf1df_6.0.22000.120_none_9d947278b86cc467\COMCTL32.dll
0x00007ffb55b20000 - 0x00007ffb55bc3000 	C:\WINDOWS\System32\msvcrt.dll
0x00007ffb56160000 - 0x00007ffb56191000 	C:\WINDOWS\System32\IMM32.DLL
0x00007ffb50af0000 - 0x00007ffb50afc000 	c:\Users\Darnelle\.vscode\extensions\redhat.java-1.41.1-win32-x64\jre\21.0.6-win32-x86_64\bin\vcruntime140_1.dll
0x00007ffb40150000 - 0x00007ffb401dd000 	c:\Users\Darnelle\.vscode\extensions\redhat.java-1.41.1-win32-x64\jre\21.0.6-win32-x86_64\bin\msvcp140.dll
0x00007ffaf47d0000 - 0x00007ffaf5560000 	c:\Users\Darnelle\.vscode\extensions\redhat.java-1.41.1-win32-x64\jre\21.0.6-win32-x86_64\bin\server\jvm.dll
0x00007ffb55a70000 - 0x00007ffb55b1e000 	C:\WINDOWS\System32\ADVAPI32.dll
0x00007ffb55100000 - 0x00007ffb5519e000 	C:\WINDOWS\System32\sechost.dll
0x00007ffb54fa0000 - 0x00007ffb550c1000 	C:\WINDOWS\System32\RPCRT4.dll
0x00007ffb55760000 - 0x00007ffb557cf000 	C:\WINDOWS\System32\WS2_32.dll
0x00007ffb539c0000 - 0x00007ffb53a0d000 	C:\WINDOWS\SYSTEM32\POWRPROF.dll
0x00007ffb4dfb0000 - 0x00007ffb4dfe3000 	C:\WINDOWS\SYSTEM32\WINMM.dll
0x00007ffb4ca10000 - 0x00007ffb4ca1a000 	C:\WINDOWS\SYSTEM32\VERSION.dll
0x00007ffb539a0000 - 0x00007ffb539b3000 	C:\WINDOWS\SYSTEM32\UMPDC.dll
0x00007ffb52b20000 - 0x00007ffb52b38000 	C:\WINDOWS\SYSTEM32\kernel.appcore.dll
0x00007ffb4f190000 - 0x00007ffb4f19a000 	c:\Users\Darnelle\.vscode\extensions\redhat.java-1.41.1-win32-x64\jre\21.0.6-win32-x86_64\bin\jimage.dll
0x00007ffb516e0000 - 0x00007ffb51901000 	C:\WINDOWS\SYSTEM32\DBGHELP.DLL
0x00007ffb3dc40000 - 0x00007ffb3dc71000 	C:\WINDOWS\SYSTEM32\dbgcore.DLL
0x00007ffb54240000 - 0x00007ffb542bf000 	C:\WINDOWS\System32\bcryptPrimitives.dll
0x00007ffb4eea0000 - 0x00007ffb4eeaf000 	c:\Users\Darnelle\.vscode\extensions\redhat.java-1.41.1-win32-x64\jre\21.0.6-win32-x86_64\bin\instrument.dll
0x00007ffb45b00000 - 0x00007ffb45b1f000 	c:\Users\Darnelle\.vscode\extensions\redhat.java-1.41.1-win32-x64\jre\21.0.6-win32-x86_64\bin\java.dll
0x00007ffb544b0000 - 0x00007ffb54c75000 	C:\WINDOWS\System32\SHELL32.dll
0x00007ffb51b80000 - 0x00007ffb523e2000 	C:\WINDOWS\SYSTEM32\windows.storage.dll
0x00007ffb552f0000 - 0x00007ffb55666000 	C:\WINDOWS\System32\combase.dll
0x00007ffb51a10000 - 0x00007ffb51b77000 	C:\WINDOWS\SYSTEM32\wintypes.dll
0x00007ffb551a0000 - 0x00007ffb5528a000 	C:\WINDOWS\System32\SHCORE.dll
0x00007ffb55970000 - 0x00007ffb559cd000 	C:\WINDOWS\System32\shlwapi.dll
0x00007ffb53a20000 - 0x00007ffb53a45000 	C:\WINDOWS\SYSTEM32\profapi.dll
0x00007ffb40dc0000 - 0x00007ffb40dd8000 	c:\Users\Darnelle\.vscode\extensions\redhat.java-1.41.1-win32-x64\jre\21.0.6-win32-x86_64\bin\zip.dll
0x00007ffb4bd70000 - 0x00007ffb4bd80000 	C:\Users\Darnelle\.vscode\extensions\redhat.java-1.41.1-win32-x64\jre\21.0.6-win32-x86_64\bin\net.dll
0x00007ffb4be70000 - 0x00007ffb4bf84000 	C:\WINDOWS\SYSTEM32\WINHTTP.dll
0x00007ffb52fc0000 - 0x00007ffb53027000 	C:\WINDOWS\system32\mswsock.dll
0x00007ffb40830000 - 0x00007ffb40846000 	C:\Users\Darnelle\.vscode\extensions\redhat.java-1.41.1-win32-x64\jre\21.0.6-win32-x86_64\bin\nio.dll
0x00007ffb4bc60000 - 0x00007ffb4bc70000 	c:\Users\Darnelle\.vscode\extensions\redhat.java-1.41.1-win32-x64\jre\21.0.6-win32-x86_64\bin\verify.dll
0x00007ffb40050000 - 0x00007ffb40095000 	C:\Users\Darnelle\AppData\Roaming\Code\User\globalStorage\redhat.java\1.41.1\config_win\org.eclipse.equinox.launcher\org.eclipse.equinox.launcher.win32.win32.x86_64_1.2.1300.v20250331-1702\eclipse_11911.dll
0x00007ffb557d0000 - 0x00007ffb5596a000 	C:\WINDOWS\System32\ole32.dll
0x00007ffb53290000 - 0x00007ffb532a8000 	C:\WINDOWS\SYSTEM32\CRYPTSP.dll
0x00007ffb52a80000 - 0x00007ffb52ab5000 	C:\WINDOWS\system32\rsaenh.dll
0x00007ffb53060000 - 0x00007ffb5308c000 	C:\WINDOWS\SYSTEM32\USERENV.dll
0x00007ffb533d0000 - 0x00007ffb533f7000 	C:\WINDOWS\SYSTEM32\bcrypt.dll
0x00007ffb531b0000 - 0x00007ffb531bc000 	C:\WINDOWS\SYSTEM32\CRYPTBASE.dll
0x00007ffb52680000 - 0x00007ffb526ad000 	C:\WINDOWS\SYSTEM32\IPHLPAPI.DLL
0x00007ffb559d0000 - 0x00007ffb559d9000 	C:\WINDOWS\System32\NSI.dll
0x00007ffb3f420000 - 0x00007ffb3f469000 	C:\Users\Darnelle\AppData\Local\Temp\jna-1808956281\jna14480384090815857457.dll
0x00007ffb54c80000 - 0x00007ffb54c88000 	C:\WINDOWS\System32\PSAPI.DLL
0x00007ffb4c9f0000 - 0x00007ffb4ca09000 	C:\WINDOWS\SYSTEM32\dhcpcsvc6.DLL
0x00007ffb4ce80000 - 0x00007ffb4ce9e000 	C:\WINDOWS\SYSTEM32\dhcpcsvc.DLL
0x00007ffb4f590000 - 0x00007ffb4f59e000 	C:\Users\Darnelle\.vscode\extensions\redhat.java-1.41.1-win32-x64\jre\21.0.6-win32-x86_64\bin\sunmscapi.dll
0x00007ffb54060000 - 0x00007ffb541c2000 	C:\WINDOWS\System32\CRYPT32.dll
0x00007ffb533a0000 - 0x00007ffb533c8000 	C:\WINDOWS\SYSTEM32\ncrypt.dll
0x00007ffb53360000 - 0x00007ffb53397000 	C:\WINDOWS\SYSTEM32\NTASN1.dll

dbghelp: loaded successfully - version: 4.0.5 - missing functions: none
symbol engine: initialized successfully - sym options: 0x614 - pdb path: .;c:\Users\Darnelle\.vscode\extensions\redhat.java-1.41.1-win32-x64\jre\21.0.6-win32-x86_64\bin;C:\WINDOWS\SYSTEM32;C:\WINDOWS\WinSxS\amd64_microsoft.windows.common-controls_6595b64144ccf1df_6.0.22000.120_none_9d947278b86cc467;c:\Users\Darnelle\.vscode\extensions\redhat.java-1.41.1-win32-x64\jre\21.0.6-win32-x86_64\bin\server;C:\Users\Darnelle\AppData\Roaming\Code\User\globalStorage\redhat.java\1.41.1\config_win\org.eclipse.equinox.launcher\org.eclipse.equinox.launcher.win32.win32.x86_64_1.2.1300.v20250331-1702;C:\Users\Darnelle\AppData\Local\Temp\jna-1808956281

VM Arguments:
jvm_args: --add-modules=ALL-SYSTEM --add-opens=java.base/java.util=ALL-UNNAMED --add-opens=java.base/java.lang=ALL-UNNAMED --add-opens=java.base/sun.nio.fs=ALL-UNNAMED -Declipse.application=org.eclipse.jdt.ls.core.id1 -Dosgi.bundles.defaultStartLevel=4 -Declipse.product=org.eclipse.jdt.ls.core.product -Djava.import.generatesMetadataFilesAtProjectRoot=false -DDetectVMInstallationsJob.disabled=true -Dfile.encoding=utf8 -XX:+UseParallelGC -XX:GCTimeRatio=4 -XX:AdaptiveSizePolicyWeight=90 -Dsun.zip.disableMemoryMapping=true -Xmx1G -Xms100m -Xlog:disable -javaagent:c:\Users\Darnelle\.vscode\extensions\redhat.java-1.41.1-win32-x64\lombok\lombok-1.18.36.jar -XX:+HeapDumpOnOutOfMemoryError -XX:HeapDumpPath=c:\Users\Darnelle\AppData\Roaming\Code\User\workspaceStorage\81b9ab7934102c23ad3c2cfd07f69688\redhat.java -Daether.dependencyCollector.impl=bf 
java_command: c:\Users\Darnelle\.vscode\extensions\redhat.java-1.41.1-win32-x64\server\plugins\org.eclipse.equinox.launcher_1.7.0.v20250331-1702.jar -configuration c:\Users\Darnelle\AppData\Roaming\Code\User\globalStorage\redhat.java\1.41.1\config_win -data c:\Users\Darnelle\AppData\Roaming\Code\User\workspaceStorage\81b9ab7934102c23ad3c2cfd07f69688\redhat.java\jdt_ws --pipe=\\.\pipe\lsp-5469605f5c7ffef0ced7140d3651d778-sock
java_class_path (initial): c:\Users\Darnelle\.vscode\extensions\redhat.java-1.41.1-win32-x64\server\plugins\org.eclipse.equinox.launcher_1.7.0.v20250331-1702.jar
Launcher Type: SUN_STANDARD

[Global flags]
    uintx AdaptiveSizePolicyWeight                 = 90                                        {product} {command line}
     intx CICompilerCount                          = 2                                         {product} {ergonomic}
    uintx GCTimeRatio                              = 4                                         {product} {command line}
     bool HeapDumpOnOutOfMemoryError               = true                                   {manageable} {command line}
    ccstr HeapDumpPath                             = c:\Users\Darnelle\AppData\Roaming\Code\User\workspaceStorage\81b9ab7934102c23ad3c2cfd07f69688\redhat.java         {manageable} {command line}
   size_t InitialHeapSize                          = 104857600                                 {product} {command line}
   size_t MaxHeapSize                              = 1073741824                                {product} {command line}
   size_t MaxNewSize                               = 357564416                                 {product} {ergonomic}
   size_t MinHeapDeltaBytes                        = 524288                                    {product} {ergonomic}
   size_t MinHeapSize                              = 104857600                                 {product} {command line}
   size_t NewSize                                  = 34603008                                  {product} {ergonomic}
    uintx NonNMethodCodeHeapSize                   = 5826188                                {pd product} {ergonomic}
    uintx NonProfiledCodeHeapSize                  = 122916026                              {pd product} {ergonomic}
   size_t OldSize                                  = 70254592                                  {product} {ergonomic}
    uintx ProfiledCodeHeapSize                     = 122916026                              {pd product} {ergonomic}
    uintx ReservedCodeCacheSize                    = 251658240                              {pd product} {ergonomic}
     bool SegmentedCodeCache                       = true                                      {product} {ergonomic}
   size_t SoftMaxHeapSize                          = 1073741824                             {manageable} {ergonomic}
     bool UseCompressedOops                        = true                           {product lp64_product} {ergonomic}
     bool UseLargePagesIndividualAllocation        = false                                  {pd product} {ergonomic}
     bool UseParallelGC                            = true                                      {product} {command line}

Logging:
Log output configuration:
 #0: stdout all=off uptime,level,tags foldmultilines=false
 #1: stderr all=off uptime,level,tags foldmultilines=false

Environment Variables:
PATH=C:\Program Files\Common Files\Oracle\Java\javapath;C:\WINDOWS\system32;C:\WINDOWS;C:\WINDOWS\System32\Wbem;C:\WINDOWS\System32\WindowsPowerShell\v1.0\;C:\WINDOWS\System32\OpenSSH\;C:\Program Files\Git\cmd;C:\Users\Darnelle\AppData\Local\Microsoft\WindowsApps;C:\Users\Darnelle\AppData\Local\Programs\Microsoft VS Code\bin;C:\Users\Darnelle\AppData\Local\JetBrains\Toolbox\scripts;
USERNAME=Darnelle
OS=Windows_NT
PROCESSOR_IDENTIFIER=Intel64 Family 6 Model 122 Stepping 8, GenuineIntel
TMP=C:\Users\Darnelle\AppData\Local\Temp
TEMP=C:\Users\Darnelle\AppData\Local\Temp




Periodic native trim disabled

---------------  S Y S T E M  ---------------

OS:
 Windows 11 , 64 bit Build 22000 (10.0.22000.2538)
OS uptime: 0 days 0:58 hours
Hyper-V role detected

CPU: total 2 (initial active 2) (2 cores per cpu, 1 threads per core) family 6 model 122 stepping 8 microcode 0x18, cx8, cmov, fxsr, mmx, 3dnowpref, sse, sse2, sse3, ssse3, sse4.1, sse4.2, popcnt, tsc, tscinvbit, aes, erms, clmul, sha, clflush, clflushopt, hv, rdtscp, rdpid
Processor Information for the first 2 processors :
  Max Mhz: 1101, Current Mhz: 1101, Mhz Limit: 1101

Memory: 4k page, system-wide physical 3916M (294M free)
TotalPageFile size 6409M (AvailPageFile size 3M)
current process WorkingSet (physical memory assigned to process): 724M, peak: 737M
current process commit charge ("private bytes"): 611M, peak: 629M

vm_info: OpenJDK 64-Bit Server VM (21.0.6+7-LTS) for windows-amd64 JRE (21.0.6+7-LTS), built on 2025-01-21T00:00:00Z by "admin" with MS VC++ 17.7 (VS2022)

END.
